Sep 25 18:24:56 host01 daemon.info init: starting pid 2586, tty '': '/sbin/openrc shutdown'
Sep 25 18:24:56 host01 daemon.debug start-stop-daemon[2624]: Will stop /usr/sbin/sshd
Sep 25 18:24:56 host01 daemon.debug start-stop-daemon[2624]: Will stop PID 2547
Sep 25 18:24:56 host01 daemon.debug start-stop-daemon[2624]: Sending signal 15 to PID 2547
Sep 25 18:24:56 host01 auth.info sshd[2547]: Received signal 15; terminating.
Sep 25 18:24:56 host01 daemon.debug start-stop-daemon[2708]: Will stop /usr/sbin/cloud-init-hotplugd
Sep 25 18:24:56 host01 daemon.debug start-stop-daemon[2708]: Will stop PID 2425
Sep 25 18:24:56 host01 daemon.debug start-stop-daemon[2708]: Sending signal 15 to PID 2425
Sep 25 18:24:56 host01 daemon.debug start-stop-daemon[2731]: Will stop /usr/sbin/chronyd
Sep 25 18:24:56 host01 daemon.debug start-stop-daemon[2731]: Will stop PID 2403
Sep 25 18:24:56 host01 daemon.debug start-stop-daemon[2731]: Sending signal 15 to PID 2403
Sep 25 18:24:56 host01 daemon.info chronyd[2403]: chronyd exiting
Sep 25 18:24:56 host01 daemon.debug start-stop-daemon[2790]: Will stop /sbin/syslogd
Sep 25 18:24:56 host01 daemon.debug start-stop-daemon[2790]: Will stop PID 2244
Sep 25 18:24:56 host01 daemon.debug start-stop-daemon[2790]: Sending signal 15 to PID 2244
Sep 25 18:24:56 host01 syslog.info syslogd exiting
Sep 25 18:25:14 host01 syslog.info syslogd started: BusyBox v1.37.0
Sep 25 18:25:14 host01 daemon.info init: starting pid 2254, tty '': '/sbin/openrc default'
Sep 25 18:25:14 host01 daemon.info dhcpcd[2324]: dhcpcd-10.5.2 starting
Sep 25 18:25:14 host01 daemon.info dhcpcd[2327]: DUID 00:01:00:01:32:49:78:a5:52:54:00:00:00:01
Sep 25 18:25:14 host01 daemon.info dhcpcd[2327]: eth0: IAID 00:00:00:01
Sep 25 18:25:14 host01 daemon.info dhcpcd[2327]: eth0: rebinding lease of 192.0.2.1
Sep 25 18:25:14 host01 daemon.info dhcpcd[2327]: eth0: probing address 192.0.2.1/24
Sep 25 18:25:15 host01 daemon.info dhcpcd[2327]: eth0: soliciting an IPv6 router
Sep 25 18:25:15 host01 daemon.info dhcpcd[2327]: eth0: Router Advertisement from 2001:db8::2
Sep 25 18:25:15 host01 daemon.info dhcpcd[2327]: eth0: adding address 2001:db8::3/64
Sep 25 18:25:15 host01 daemon.info dhcpcd[2327]: eth0: adding route to 2001:db8::4/64
Sep 25 18:25:15 host01 daemon.info dhcpcd[2327]: eth0: adding default route via 2001:db8::2
Sep 25 18:25:20 host01 daemon.info dhcpcd[2327]: eth0: leased 192.0.2.1 for 86400 seconds
Sep 25 18:25:20 host01 daemon.info dhcpcd[2327]: eth0: adding route to 192.0.2.5/24
Sep 25 18:25:20 host01 daemon.info dhcpcd[2327]: eth0: adding default route via 192.0.2.6
Sep 25 18:25:20 host01 daemon.info chronyd[2406]: chronyd version 4.8 starting (+CMDMON +REFCLOCK +RTC +PRIVDROP +SCFILTER +SIGND -NTS -SECHASH +IPV6 -DEBUG)
Sep 25 18:25:20 host01 daemon.info chronyd[2406]: Frequency 0.000 +/- 1000000.000 ppm read from /var/lib/chrony/chrony.drift
Sep 25 18:25:20 host01 daemon.info chronyd[2406]: Loaded seccomp filter (level 1)
Sep 25 18:25:21 host01 auth.info sshd[2550]: Server listening on 0.0.0.0 port 22.
Sep 25 18:25:21 host01 auth.info sshd[2550]: Server listening on 2001:db8::7 port 22.
Sep 25 18:25:21 host01 daemon.info init: starting pid 2583, tty '/dev/tty1': '/sbin/getty 38400 tty1'
Sep 25 18:25:21 host01 daemon.info init: starting pid 2584, tty '': '/usr/libexec/alpine-cloud-images/cloud-serial-getty'
Sep 25 18:25:25 host01 daemon.info chronyd[2406]: Selected source 192.0.2.8 (pool.ntp.org)
