Sep 28 14:45:45 host01 daemon.info init: starting pid 2590, tty '': '/sbin/openrc shutdown'
Sep 28 14:45:45 host01 daemon.debug start-stop-daemon[2628]: Will stop /usr/sbin/sshd
Sep 28 14:45:45 host01 daemon.debug start-stop-daemon[2628]: Will stop PID 2551
Sep 28 14:45:45 host01 daemon.debug start-stop-daemon[2628]: Sending signal 15 to PID 2551
Sep 28 14:45:45 host01 auth.info sshd[2551]: Received signal 15; terminating.
Sep 28 14:45:45 host01 daemon.debug start-stop-daemon[2712]: Will stop /usr/sbin/cloud-init-hotplugd
Sep 28 14:45:45 host01 daemon.debug start-stop-daemon[2712]: Will stop PID 2429
Sep 28 14:45:45 host01 daemon.debug start-stop-daemon[2712]: Sending signal 15 to PID 2429
Sep 28 14:45:45 host01 daemon.debug start-stop-daemon[2735]: Will stop /usr/sbin/chronyd
Sep 28 14:45:45 host01 daemon.debug start-stop-daemon[2735]: Will stop PID 2407
Sep 28 14:45:45 host01 daemon.debug start-stop-daemon[2735]: Sending signal 15 to PID 2407
Sep 28 14:45:45 host01 daemon.info chronyd[2407]: chronyd exiting
Sep 28 14:45:45 host01 daemon.debug start-stop-daemon[2794]: Will stop /sbin/syslogd
Sep 28 14:45:45 host01 daemon.debug start-stop-daemon[2794]: Will stop PID 2248
Sep 28 14:45:45 host01 daemon.debug start-stop-daemon[2794]: Sending signal 15 to PID 2248
Sep 28 14:45:45 host01 syslog.info syslogd exiting
Sep 28 14:46:03 host01 syslog.info syslogd started: BusyBox v1.37.0
Sep 28 14:46:03 host01 daemon.info init: starting pid 2249, tty '': '/sbin/openrc default'
Sep 28 14:46:03 host01 daemon.info dhcpcd[2319]: dhcpcd-10.5.2 starting
Sep 28 14:46:03 host01 daemon.info dhcpcd[2322]: DUID 00:01:00:01:32:4d:39:c7:52:54:00:00:00:01
Sep 28 14:46:03 host01 daemon.info dhcpcd[2322]: eth0: IAID 00:00:00:01
Sep 28 14:46:04 host01 daemon.info dhcpcd[2322]: eth0: rebinding lease of 192.0.2.1
Sep 28 14:46:04 host01 daemon.info dhcpcd[2322]: eth0: probing address 192.0.2.1/24
Sep 28 14:46:05 host01 daemon.info dhcpcd[2322]: eth0: soliciting an IPv6 router
Sep 28 14:46:05 host01 daemon.info dhcpcd[2322]: eth0: Router Advertisement from 2001:db8::2
Sep 28 14:46:05 host01 daemon.info dhcpcd[2322]: eth0: adding address 2001:db8::3/64
Sep 28 14:46:05 host01 daemon.info dhcpcd[2322]: eth0: adding route to 2001:db8::4/64
Sep 28 14:46:05 host01 daemon.info dhcpcd[2322]: eth0: adding default route via 2001:db8::2
Sep 28 14:46:09 host01 daemon.info dhcpcd[2322]: eth0: leased 192.0.2.1 for 86400 seconds
Sep 28 14:46:09 host01 daemon.info dhcpcd[2322]: eth0: adding route to 192.0.2.5/24
Sep 28 14:46:09 host01 daemon.info dhcpcd[2322]: eth0: adding default route via 192.0.2.6
Sep 28 14:46:09 host01 daemon.info chronyd[2401]: chronyd version 4.8 starting (+CMDMON +REFCLOCK +RTC +PRIVDROP +SCFILTER +SIGND -NTS -SECHASH +IPV6 -DEBUG)
Sep 28 14:46:09 host01 daemon.info chronyd[2401]: Frequency 0.000 +/- 1000000.000 ppm read from /var/lib/chrony/chrony.drift
Sep 28 14:46:09 host01 daemon.info chronyd[2401]: Loaded seccomp filter (level 1)
Sep 28 14:46:11 host01 auth.info sshd[2545]: Server listening on 0.0.0.0 port 22.
Sep 28 14:46:11 host01 auth.info sshd[2545]: Server listening on 2001:db8::7 port 22.
Sep 28 14:46:11 host01 daemon.info init: starting pid 2578, tty '/dev/tty1': '/sbin/getty 38400 tty1'
Sep 28 14:46:11 host01 daemon.info init: starting pid 2579, tty '': '/usr/libexec/alpine-cloud-images/cloud-serial-getty'
Sep 28 14:46:14 host01 daemon.info chronyd[2401]: Selected source 192.0.2.8 (pool.ntp.org)
