Oct 10 13:43:37 host01 daemon.info init: starting pid 2591, tty '': '/sbin/openrc shutdown'
Oct 10 13:43:37 host01 daemon.debug start-stop-daemon[2629]: Will stop /usr/sbin/sshd
Oct 10 13:43:37 host01 daemon.debug start-stop-daemon[2629]: Will stop PID 2552
Oct 10 13:43:37 host01 daemon.debug start-stop-daemon[2629]: Sending signal 15 to PID 2552
Oct 10 13:43:37 host01 auth.info sshd[2552]: Received signal 15; terminating.
Oct 10 13:43:37 host01 daemon.debug start-stop-daemon[2713]: Will stop /usr/sbin/cloud-init-hotplugd
Oct 10 13:43:37 host01 daemon.debug start-stop-daemon[2713]: Will stop PID 2430
Oct 10 13:43:37 host01 daemon.debug start-stop-daemon[2713]: Sending signal 15 to PID 2430
Oct 10 13:43:37 host01 daemon.debug start-stop-daemon[2736]: Will stop /usr/sbin/chronyd
Oct 10 13:43:37 host01 daemon.debug start-stop-daemon[2736]: Will stop PID 2408
Oct 10 13:43:37 host01 daemon.debug start-stop-daemon[2736]: Sending signal 15 to PID 2408
Oct 10 13:43:37 host01 daemon.info chronyd[2408]: chronyd exiting
Oct 10 13:43:37 host01 daemon.debug start-stop-daemon[2795]: Will stop /sbin/syslogd
Oct 10 13:43:37 host01 daemon.debug start-stop-daemon[2795]: Will stop PID 2249
Oct 10 13:43:37 host01 daemon.debug start-stop-daemon[2795]: Sending signal 15 to PID 2249
Oct 10 13:43:37 host01 syslog.info syslogd exiting
Oct 10 13:43:52 host01 syslog.info syslogd started: BusyBox v1.37.0
Oct 10 13:43:52 host01 daemon.info init: starting pid 2254, tty '': '/sbin/openrc default'
Oct 10 13:43:52 host01 daemon.info dhcpcd[2324]: dhcpcd-10.5.2 starting
Oct 10 13:43:52 host01 daemon.info dhcpcd[2327]: DUID 00:01:00:01:32:5c:fd:35:52:54:00:00:00:01
Oct 10 13:43:52 host01 daemon.info dhcpcd[2327]: eth0: IAID 00:00:00:01
Oct 10 13:43:53 host01 daemon.info dhcpcd[2327]: eth0: rebinding lease of 192.0.2.1
Oct 10 13:43:53 host01 daemon.info dhcpcd[2327]: eth0: probing address 192.0.2.1/24
Oct 10 13:43:54 host01 daemon.info dhcpcd[2327]: eth0: soliciting an IPv6 router
Oct 10 13:43:54 host01 daemon.info dhcpcd[2327]: eth0: Router Advertisement from 2001:db8::2
Oct 10 13:43:54 host01 daemon.info dhcpcd[2327]: eth0: adding address 2001:db8::3/64
Oct 10 13:43:54 host01 daemon.info dhcpcd[2327]: eth0: adding route to 2001:db8::4/64
Oct 10 13:43:54 host01 daemon.info dhcpcd[2327]: eth0: adding default route via 2001:db8::2
Oct 10 13:43:58 host01 daemon.info dhcpcd[2327]: eth0: leased 192.0.2.1 for 86400 seconds
Oct 10 13:43:58 host01 daemon.info dhcpcd[2327]: eth0: adding route to 192.0.2.5/24
Oct 10 13:43:58 host01 daemon.info dhcpcd[2327]: eth0: adding default route via 192.0.2.6
Oct 10 13:43:58 host01 daemon.info chronyd[2406]: chronyd version 4.8 starting (+CMDMON +REFCLOCK +RTC +PRIVDROP +SCFILTER +SIGND -NTS -SECHASH +IPV6 -DEBUG)
Oct 10 13:43:58 host01 daemon.info chronyd[2406]: Frequency 0.000 +/- 1000000.000 ppm read from /var/lib/chrony/chrony.drift
Oct 10 13:43:58 host01 daemon.info chronyd[2406]: Loaded seccomp filter (level 1)
Oct 10 13:43:59 host01 auth.info sshd[2550]: Server listening on 0.0.0.0 port 22.
Oct 10 13:43:59 host01 auth.info sshd[2550]: Server listening on 2001:db8::7 port 22.
Oct 10 13:43:59 host01 daemon.info init: starting pid 2583, tty '/dev/tty1': '/sbin/getty 38400 tty1'
Oct 10 13:43:59 host01 daemon.info init: starting pid 2584, tty '': '/usr/libexec/alpine-cloud-images/cloud-serial-getty'
Oct 10 13:44:03 host01 daemon.info chronyd[2406]: Selected source 192.0.2.8 (pool.ntp.org)
