Oct  5 15:30:59 host01 daemon.info init: starting pid 2589, tty '': '/sbin/openrc shutdown'
Oct  5 15:30:59 host01 daemon.debug start-stop-daemon[2627]: Will stop /usr/sbin/sshd
Oct  5 15:30:59 host01 daemon.debug start-stop-daemon[2627]: Will stop PID 2550
Oct  5 15:30:59 host01 daemon.debug start-stop-daemon[2627]: Sending signal 15 to PID 2550
Oct  5 15:30:59 host01 auth.info sshd[2550]: Received signal 15; terminating.
Oct  5 15:30:59 host01 daemon.debug start-stop-daemon[2711]: Will stop /usr/sbin/cloud-init-hotplugd
Oct  5 15:30:59 host01 daemon.debug start-stop-daemon[2711]: Will stop PID 2428
Oct  5 15:30:59 host01 daemon.debug start-stop-daemon[2711]: Sending signal 15 to PID 2428
Oct  5 15:30:59 host01 daemon.debug start-stop-daemon[2734]: Will stop /usr/sbin/chronyd
Oct  5 15:30:59 host01 daemon.debug start-stop-daemon[2734]: Will stop PID 2406
Oct  5 15:30:59 host01 daemon.debug start-stop-daemon[2734]: Sending signal 15 to PID 2406
Oct  5 15:30:59 host01 daemon.info chronyd[2406]: chronyd exiting
Oct  5 15:30:59 host01 daemon.debug start-stop-daemon[2793]: Will stop /sbin/syslogd
Oct  5 15:30:59 host01 daemon.debug start-stop-daemon[2793]: Will stop PID 2247
Oct  5 15:30:59 host01 daemon.debug start-stop-daemon[2793]: Sending signal 15 to PID 2247
Oct  5 15:30:59 host01 syslog.info syslogd exiting
Oct  5 15:31:15 host01 syslog.info syslogd started: BusyBox v1.37.0
Oct  5 15:31:15 host01 daemon.info init: starting pid 2251, tty '': '/sbin/openrc default'
Oct  5 15:31:15 host01 daemon.info dhcpcd[2321]: dhcpcd-10.5.2 starting
Oct  5 15:31:15 host01 daemon.info dhcpcd[2324]: DUID 00:01:00:01:32:56:7e:de:52:54:00:00:00:01
Oct  5 15:31:15 host01 daemon.info dhcpcd[2324]: eth0: IAID 00:00:00:01
Oct  5 15:31:15 host01 daemon.info dhcpcd[2324]: eth0: rebinding lease of 192.0.2.1
Oct  5 15:31:15 host01 daemon.info dhcpcd[2324]: eth0: probing address 192.0.2.1/24
Oct  5 15:31:16 host01 daemon.info dhcpcd[2324]: eth0: soliciting an IPv6 router
Oct  5 15:31:16 host01 daemon.info dhcpcd[2324]: eth0: Router Advertisement from 2001:db8::2
Oct  5 15:31:16 host01 daemon.info dhcpcd[2324]: eth0: adding address 2001:db8::3/64
Oct  5 15:31:16 host01 daemon.info dhcpcd[2324]: eth0: adding route to 2001:db8::4/64
Oct  5 15:31:16 host01 daemon.info dhcpcd[2324]: eth0: adding default route via 2001:db8::2
Oct  5 15:31:20 host01 daemon.info dhcpcd[2324]: eth0: leased 192.0.2.1 for 86400 seconds
Oct  5 15:31:20 host01 daemon.info dhcpcd[2324]: eth0: adding route to 192.0.2.5/24
Oct  5 15:31:20 host01 daemon.info dhcpcd[2324]: eth0: adding default route via 192.0.2.6
Oct  5 15:31:20 host01 daemon.info chronyd[2403]: chronyd version 4.8 starting (+CMDMON +REFCLOCK +RTC +PRIVDROP +SCFILTER +SIGND -NTS -SECHASH +IPV6 -DEBUG)
Oct  5 15:31:20 host01 daemon.info chronyd[2403]: Frequency 0.000 +/- 1000000.000 ppm read from /var/lib/chrony/chrony.drift
Oct  5 15:31:20 host01 daemon.info chronyd[2403]: Loaded seccomp filter (level 1)
Oct  5 15:31:22 host01 auth.info sshd[2547]: Server listening on 0.0.0.0 port 22.
Oct  5 15:31:22 host01 auth.info sshd[2547]: Server listening on 2001:db8::7 port 22.
Oct  5 15:31:22 host01 daemon.info init: starting pid 2580, tty '/dev/tty1': '/sbin/getty 38400 tty1'
Oct  5 15:31:22 host01 daemon.info init: starting pid 2581, tty '': '/usr/libexec/alpine-cloud-images/cloud-serial-getty'
Oct  5 15:31:26 host01 daemon.info chronyd[2403]: Selected source 192.0.2.8 (pool.ntp.org)
Oct  5 15:31:26 host01 daemon.warn chronyd[2403]: System clock wrong by 1.162058 seconds
Oct  5 15:31:26 host01 daemon.warn chronyd[2403]: System clock was stepped by 1.162058 seconds
