Oct  5 15:33:34 host01 daemon.info init: starting pid 2589, tty '': '/sbin/openrc shutdown'
Oct  5 15:33:35 host01 daemon.debug start-stop-daemon[2627]: Will stop /usr/sbin/sshd
Oct  5 15:33:35 host01 daemon.debug start-stop-daemon[2627]: Will stop PID 2550
Oct  5 15:33:35 host01 daemon.debug start-stop-daemon[2627]: Sending signal 15 to PID 2550
Oct  5 15:33:35 host01 auth.info sshd[2550]: Received signal 15; terminating.
Oct  5 15:33:35 host01 daemon.debug start-stop-daemon[2711]: Will stop /usr/sbin/cloud-init-hotplugd
Oct  5 15:33:35 host01 daemon.debug start-stop-daemon[2711]: Will stop PID 2428
Oct  5 15:33:35 host01 daemon.debug start-stop-daemon[2711]: Sending signal 15 to PID 2428
Oct  5 15:33:35 host01 daemon.debug start-stop-daemon[2734]: Will stop /usr/sbin/chronyd
Oct  5 15:33:35 host01 daemon.debug start-stop-daemon[2734]: Will stop PID 2406
Oct  5 15:33:35 host01 daemon.debug start-stop-daemon[2734]: Sending signal 15 to PID 2406
Oct  5 15:33:35 host01 daemon.info chronyd[2406]: chronyd exiting
Oct  5 15:33:35 host01 daemon.debug start-stop-daemon[2793]: Will stop /sbin/syslogd
Oct  5 15:33:35 host01 daemon.debug start-stop-daemon[2793]: Will stop PID 2247
Oct  5 15:33:35 host01 daemon.debug start-stop-daemon[2793]: Sending signal 15 to PID 2247
Oct  5 15:33:35 host01 syslog.info syslogd exiting
Oct  5 15:33:51 host01 syslog.info syslogd started: BusyBox v1.37.0
Oct  5 15:33:51 host01 daemon.info init: starting pid 2253, tty '': '/sbin/openrc default'
Oct  5 15:33:51 host01 daemon.info dhcpcd[2323]: dhcpcd-10.5.2 starting
Oct  5 15:33:51 host01 daemon.info dhcpcd[2326]: DUID 00:01:00:01:32:56:7f:7c:52:54:00:00:00:01
Oct  5 15:33:51 host01 daemon.info dhcpcd[2326]: eth0: IAID 00:00:00:01
Oct  5 15:33:51 host01 daemon.info dhcpcd[2326]: eth0: rebinding lease of 192.0.2.1
Oct  5 15:33:51 host01 daemon.info dhcpcd[2326]: eth0: probing address 192.0.2.1/24
Oct  5 15:33:53 host01 daemon.info dhcpcd[2326]: eth0: soliciting an IPv6 router
Oct  5 15:33:53 host01 daemon.info dhcpcd[2326]: eth0: Router Advertisement from 2001:db8::2
Oct  5 15:33:53 host01 daemon.info dhcpcd[2326]: eth0: adding address 2001:db8::3/64
Oct  5 15:33:53 host01 daemon.info dhcpcd[2326]: eth0: adding route to 2001:db8::4/64
Oct  5 15:33:53 host01 daemon.info dhcpcd[2326]: eth0: adding default route via 2001:db8::2
Oct  5 15:33:56 host01 daemon.info dhcpcd[2326]: eth0: leased 192.0.2.1 for 86400 seconds
Oct  5 15:33:56 host01 daemon.info dhcpcd[2326]: eth0: adding route to 192.0.2.5/24
Oct  5 15:33:56 host01 daemon.info dhcpcd[2326]: eth0: adding default route via 192.0.2.6
Oct  5 15:33:56 host01 daemon.info chronyd[2405]: chronyd version 4.8 starting (+CMDMON +REFCLOCK +RTC +PRIVDROP +SCFILTER +SIGND -NTS -SECHASH +IPV6 -DEBUG)
Oct  5 15:33:56 host01 daemon.info chronyd[2405]: Frequency 0.000 +/- 1000000.000 ppm read from /var/lib/chrony/chrony.drift
Oct  5 15:33:56 host01 daemon.info chronyd[2405]: Loaded seccomp filter (level 1)
Oct  5 15:33:57 host01 auth.info sshd[2549]: Server listening on 0.0.0.0 port 22.
Oct  5 15:33:57 host01 auth.info sshd[2549]: Server listening on 2001:db8::7 port 22.
Oct  5 15:33:57 host01 daemon.info init: starting pid 2582, tty '/dev/tty1': '/sbin/getty 38400 tty1'
Oct  5 15:33:57 host01 daemon.info init: starting pid 2583, tty '': '/usr/libexec/alpine-cloud-images/cloud-serial-getty'
Oct  5 15:34:01 host01 daemon.info chronyd[2405]: Selected source 192.0.2.8 (pool.ntp.org)
