Oct 05 15:27:59 host01 systemd-logind[676]: The system will reboot now!
Oct 05 15:28:01 host01 systemd-timesyncd[344]: Contacted time server 192.0.2.1:123 (2.debian.pool.ntp.org).
Oct 05 15:28:01 host01 systemd-timesyncd[344]: Initial clock synchronization to Mon 2026-10-05 15:28:01.231304 UTC.
Oct 05 15:28:02 host01 systemd-logind[676]: System is rebooting.
Oct 05 15:28:02 host01 systemd[1]: Removed slice system-modprobe.slice - Slice /system/modprobe.
Oct 05 15:28:02 host01 systemd[1]: Stopped target cloud-init.target - Cloud-init target.
Oct 05 15:28:02 host01 systemd[1]: Stopped target graphical.target - Graphical Interface.
Oct 05 15:28:02 host01 systemd[1]: Stopped target nss-lookup.target - Host and Network Name Lookups.
Oct 05 15:28:02 host01 systemd[1]: Stopped target timers.target - Timer Units.
Oct 05 15:28:02 host01 systemd[1]: apt-daily-upgrade.timer: Deactivated successfully.
Oct 05 15:28:02 host01 systemd[1]: Stopped apt-daily-upgrade.timer - Daily apt upgrade and clean activities.
Oct 05 15:28:02 host01 systemd[1]: apt-daily.timer: Deactivated successfully.
Oct 05 15:28:02 host01 systemd[1]: Stopped apt-daily.timer - Daily apt download activities.
Oct 05 15:28:02 host01 systemd[1]: apt-listchanges.timer: Deactivated successfully.
Oct 05 15:28:02 host01 systemd[1]: Stopped apt-listchanges.timer - Try hourly to initialize apt-listchanges database for APT.
Oct 05 15:28:02 host01 systemd[1]: dpkg-db-backup.timer: Deactivated successfully.
Oct 05 15:28:02 host01 systemd[1]: Stopped dpkg-db-backup.timer - Daily dpkg database backup timer.
Oct 05 15:28:02 host01 systemd[1]: e2scrub_all.timer: Deactivated successfully.
Oct 05 15:28:02 host01 systemd[1]: Stopped e2scrub_all.timer - Periodic ext4 Online Metadata Check for All Filesystems.
Oct 05 15:28:02 host01 systemd[1]: fstrim.timer: Deactivated successfully.
Oct 05 15:28:02 host01 systemd[1]: Stopped fstrim.timer - Discard unused filesystem blocks once a week.
Oct 05 15:28:02 host01 systemd[1]: man-db.timer: Deactivated successfully.
Oct 05 15:28:02 host01 systemd[1]: Stopped man-db.timer - Daily man-db regeneration.
Oct 05 15:28:02 host01 systemd[1]: systemd-tmpfiles-clean.timer: Deactivated successfully.
Oct 05 15:28:02 host01 systemd[1]: Stopped systemd-tmpfiles-clean.timer - Daily Cleanup of Temporary Directories.
Oct 05 15:28:02 host01 systemd[1]: Stopped target time-set.target - System Time Set.
Oct 05 15:28:02 host01 systemd[1]: cloud-init-hotplugd.socket: Deactivated successfully.
Oct 05 15:28:02 host01 systemd[1]: Closed cloud-init-hotplugd.socket - cloud-init hotplug hook socket.
Oct 05 15:28:02 host01 systemd[1]: cloud-final.service: Deactivated successfully.
Oct 05 15:28:02 host01 systemd[1]: Stopped cloud-final.service - Cloud-init: Final Stage.
Oct 05 15:28:02 host01 systemd[1]: Stopped target multi-user.target - Multi-User System.
Oct 05 15:28:02 host01 systemd[1]: Stopped target getty.target - Login Prompts.
Oct 05 15:28:02 host01 systemd[1]: cloud-config.service: Deactivated successfully.
Oct 05 15:28:02 host01 systemd[1]: Stopped cloud-config.service - Cloud-init: Config Stage.
Oct 05 15:28:02 host01 sshd[687]: Received signal 15; terminating.
Oct 05 15:28:02 host01 systemd[1]: Stopped target cloud-config.target - Cloud-config availability.
Oct 05 15:28:02 host01 systemd[1]: Stopped target network-online.target - Network is Online.
Oct 05 15:28:02 host01 systemd[1]: Stopping dbus.service - D-Bus System Message Bus...
Oct 05 15:28:02 host01 systemd[1]: Stopping getty@tty1.service - Getty on tty1...
Oct 05 15:28:02 host01 systemd[1]: Stopping serial-getty@ttyS0.service - Serial Getty on ttyS0...
Oct 05 15:28:02 host01 systemd[1]: Stopping ssh.service - OpenBSD Secure Shell server...
Oct 05 15:28:02 host01 systemd[1]: Stopping systemd-networkd-persistent-storage.service - Enable Persistent Storage in systemd-networkd...
Oct 05 15:28:02 host01 systemd[1]: Stopping systemd-random-seed.service - Load/Save OS Random Seed...
Oct 05 15:28:02 host01 systemd[1]: systemd-udev-load-credentials.service: Deactivated successfully.
Oct 05 15:28:02 host01 systemd[1]: Stopped systemd-udev-load-credentials.service - Load udev Rules from Credentials.
Oct 05 15:28:02 host01 systemd[1]: Stopping unattended-upgrades.service - Unattended Upgrades Shutdown...
Oct 05 15:28:02 host01 systemd[1]: dbus.service: Deactivated successfully.
Oct 05 15:28:02 host01 systemd[1]: Stopped dbus.service - D-Bus System Message Bus.
Oct 05 15:28:02 host01 systemd[1]: ssh.service: Deactivated successfully.
Oct 05 15:28:02 host01 systemd[1]: Stopped ssh.service - OpenBSD Secure Shell server.
Oct 05 15:28:02 host01 systemd[1]: getty@tty1.service: Deactivated successfully.
Oct 05 15:28:02 host01 systemd[1]: Stopped getty@tty1.service - Getty on tty1.
Oct 05 15:28:02 host01 systemd[1]: serial-getty@ttyS0.service: Deactivated successfully.
Oct 05 15:28:02 host01 systemd[1]: Stopped serial-getty@ttyS0.service - Serial Getty on ttyS0.
Oct 05 15:28:03 host01 systemd[1]: unattended-upgrades.service: Deactivated successfully.
Oct 05 15:28:03 host01 systemd[1]: Stopped unattended-upgrades.service - Unattended Upgrades Shutdown.
Oct 05 15:28:03 host01 systemd[1]: systemd-networkd-persistent-storage.service: Deactivated successfully.
Oct 05 15:28:03 host01 systemd[1]: Stopped systemd-networkd-persistent-storage.service - Enable Persistent Storage in systemd-networkd.
Oct 05 15:28:03 host01 systemd[1]: systemd-random-seed.service: Deactivated successfully.
Oct 05 15:28:03 host01 systemd[1]: Stopped systemd-random-seed.service - Load/Save OS Random Seed.
Oct 05 15:28:03 host01 systemd[1]: Removed slice system-getty.slice - Slice /system/getty.
Oct 05 15:28:03 host01 systemd[1]: Removed slice system-serial\x2dgetty.slice - Slice /system/serial-getty.
Oct 05 15:28:03 host01 systemd[1]: Stopping systemd-logind.service - User Login Management...
Oct 05 15:28:03 host01 systemd[1]: Stopping systemd-user-sessions.service - Permit User Sessions...
Oct 05 15:28:03 host01 systemd[1]: systemd-user-sessions.service: Deactivated successfully.
Oct 05 15:28:03 host01 systemd[1]: Stopped systemd-user-sessions.service - Permit User Sessions.
Oct 05 15:28:03 host01 systemd[1]: Stopped target network.target - Network.
Oct 05 15:28:03 host01 systemd[1]: Stopped target remote-fs.target - Remote File Systems.
Oct 05 15:28:03 host01 systemd[1]: systemd-logind.service: Deactivated successfully.
Oct 05 15:28:03 host01 systemd[1]: Stopped systemd-logind.service - User Login Management.
Oct 05 15:28:03 host01 systemd[1]: Stopped target basic.target - Basic System.
Oct 05 15:28:03 host01 systemd[1]: Stopped target paths.target - Path Units.
Oct 05 15:28:03 host01 systemd[1]: systemd-ask-password-console.path: Deactivated successfully.
Oct 05 15:28:03 host01 systemd[1]: Stopped systemd-ask-password-console.path - Dispatch Password Requests to Console Directory Watch.
Oct 05 15:28:03 host01 systemd[1]: systemd-ask-password-wall.path: Deactivated successfully.
Oct 05 15:28:03 host01 systemd[1]: Stopped systemd-ask-password-wall.path - Forward Password Requests to Wall Directory Watch.
Oct 05 15:28:03 host01 systemd[1]: Stopped target slices.target - Slice Units.
Oct 05 15:28:03 host01 systemd[1]: Removed slice user.slice - User and Session Slice.
Oct 05 15:28:03 host01 systemd[1]: Stopped target sockets.target - Socket Units.
Oct 05 15:28:03 host01 systemd[1]: dbus.socket: Deactivated successfully.
Oct 05 15:28:03 host01 systemd[1]: Closed dbus.socket - D-Bus System Message Bus Socket.
Oct 05 15:28:03 host01 systemd[1]: sshd-unix-local.socket: Deactivated successfully.
Oct 05 15:28:03 host01 systemd[1]: Closed sshd-unix-local.socket - OpenSSH Server Socket (systemd-ssh-generator, AF_UNIX Local).
Oct 05 15:28:03 host01 systemd[1]: systemd-hostnamed.socket: Deactivated successfully.
Oct 05 15:28:03 host01 systemd[1]: Closed systemd-hostnamed.socket - Hostname Service Socket.
Oct 05 15:28:03 host01 systemd[1]: uuidd.socket: Deactivated successfully.
Oct 05 15:28:03 host01 systemd[1]: Closed uuidd.socket - UUID daemon activation socket.
Oct 05 15:28:03 host01 systemd[1]: Stopped target sysinit.target - System Initialization.
Oct 05 15:28:03 host01 systemd[1]: cloud-init-network.service: Deactivated successfully.
Oct 05 15:28:03 host01 systemd[1]: Stopped cloud-init-network.service - Cloud-init: Network Stage.
Oct 05 15:28:03 host01 systemd[1]: Stopping systemd-binfmt.service - Set Up Additional Binary Formats...
Oct 05 15:28:03 host01 systemd[1]: systemd-networkd-wait-online.service: Deactivated successfully.
Oct 05 15:28:03 host01 systemd[1]: Stopped systemd-networkd-wait-online.service - Wait for Network to be Configured.
Oct 05 15:28:03 host01 systemd[1]: Stopping systemd-networkd.service - Network Configuration...
Oct 05 15:28:03 host01 systemd-networkd[621]: enp0s4: DHCP lease lost
Oct 05 15:28:03 host01 systemd[1]: Stopping systemd-resolved.service - Network Name Resolution...
Oct 05 15:28:03 host01 systemd[1]: Stopping systemd-timesyncd.service - Network Time Synchronization...
Oct 05 15:28:03 host01 systemd[1]: systemd-tmpfiles-setup.service: Deactivated successfully.
Oct 05 15:28:03 host01 systemd[1]: Stopped systemd-tmpfiles-setup.service - Create System Files and Directories.
Oct 05 15:28:03 host01 systemd[1]: systemd-binfmt.service: Deactivated successfully.
Oct 05 15:28:03 host01 systemd[1]: Stopped systemd-binfmt.service - Set Up Additional Binary Formats.
Oct 05 15:28:03 host01 systemd[1]: systemd-resolved.service: Deactivated successfully.
Oct 05 15:28:03 host01 systemd[1]: Stopped systemd-resolved.service - Network Name Resolution.
Oct 05 15:28:03 host01 systemd[1]: proc-sys-fs-binfmt_misc.automount: Deactivated successfully.
Oct 05 15:28:03 host01 systemd[1]: Unset automount proc-sys-fs-binfmt_misc.automount - Arbitrary Executable File Formats File System Automount Point.
Oct 05 15:28:03 host01 systemd[1]: Stopped target local-fs.target - Local File Systems.
Oct 05 15:28:03 host01 systemd[1]: Unmounting boot-efi.mount - /boot/efi...
Oct 05 15:28:03 host01 systemd[1]: Unmounting run-lock.mount - Legacy Locks Directory /run/lock...
Oct 05 15:28:03 host01 systemd[1]: Unmounting tmp.mount - Temporary Directory /tmp...
Oct 05 15:28:03 host01 systemd[1]: systemd-growfs-root.service: Deactivated successfully.
Oct 05 15:28:03 host01 systemd[1]: Stopped systemd-growfs-root.service - Grow Root File System.
Oct 05 15:28:03 host01 systemd[1]: proc-sys-fs-binfmt_misc.mount: Deactivated successfully.
Oct 05 15:28:03 host01 systemd[1]: systemd-timesyncd.service: Deactivated successfully.
Oct 05 15:28:03 host01 systemd[1]: Stopped systemd-timesyncd.service - Network Time Synchronization.
Oct 05 15:28:03 host01 systemd[1]: systemd-networkd.service: Deactivated successfully.
Oct 05 15:28:03 host01 systemd[1]: Stopped systemd-networkd.service - Network Configuration.
Oct 05 15:28:03 host01 systemd[1]: boot-efi.mount: Deactivated successfully.
Oct 05 15:28:03 host01 systemd[1]: Unmounted boot-efi.mount - /boot/efi.
Oct 05 15:28:03 host01 systemd[1]: run-lock.mount: Deactivated successfully.
Oct 05 15:28:03 host01 systemd[1]: Unmounted run-lock.mount - Legacy Locks Directory /run/lock.
Oct 05 15:28:03 host01 systemd[1]: tmp.mount: Deactivated successfully.
Oct 05 15:28:03 host01 systemd[1]: Unmounted tmp.mount - Temporary Directory /tmp.
Oct 05 15:28:03 host01 systemd[1]: Stopped target network-pre.target - Preparation for Network.
Oct 05 15:28:03 host01 systemd[1]: Stopped target swap.target - Swaps.
Oct 05 15:28:03 host01 systemd[1]: Reached target umount.target - Unmount All Filesystems.
Oct 05 15:28:03 host01 systemd[1]: systemd-networkd.socket: Deactivated successfully.
Oct 05 15:28:03 host01 systemd[1]: Closed systemd-networkd.socket - Network Service Netlink Socket.
Oct 05 15:28:03 host01 systemd[1]: cloud-init-local.service: Deactivated successfully.
Oct 05 15:28:03 host01 systemd[1]: Stopped cloud-init-local.service - Cloud-init: Local Stage (pre-network).
Oct 05 15:28:03 host01 systemd[1]: systemd-fsck@dev-disk-by\x2dpartuuid-b558256e\x2de822\x2d4787\x2d9bd2\x2dc4c47dfb54d9.service: Deactivated successfully.
Oct 05 15:28:03 host01 systemd[1]: Stopped systemd-fsck@dev-disk-by\x2dpartuuid-b558256e\x2de822\x2d4787\x2d9bd2\x2dc4c47dfb54d9.service - File System Check on /dev/disk/by-partuuid/00000000-0000-0000-0000-000000000000.
Oct 05 15:28:03 host01 systemd[1]: Removed slice system-systemd\x2dfsck.slice - Slice /system/systemd-fsck.
Oct 05 15:28:03 host01 systemd[1]: Stopped target local-fs-pre.target - Preparation for Local File Systems.
Oct 05 15:28:03 host01 systemd[1]: systemd-network-generator.service: Deactivated successfully.
Oct 05 15:28:03 host01 systemd[1]: Stopped systemd-network-generator.service - Generate Network Units from Kernel Command Line.
Oct 05 15:28:03 host01 systemd[1]: systemd-remount-fs.service: Deactivated successfully.
Oct 05 15:28:03 host01 systemd[1]: Stopped systemd-remount-fs.service - Remount Root and Kernel File Systems.
Oct 05 15:28:03 host01 systemd[1]: systemd-fsck-root.service: Deactivated successfully.
Oct 05 15:28:03 host01 systemd[1]: Stopped systemd-fsck-root.service - File System Check on Root Device.
Oct 05 15:28:03 host01 systemd[1]: systemd-sysctl.service: Deactivated successfully.
Oct 05 15:28:03 host01 systemd[1]: Stopped systemd-sysctl.service - Apply Kernel Variables.
Oct 05 15:28:03 host01 systemd[1]: systemd-modules-load.service: Deactivated successfully.
Oct 05 15:28:03 host01 systemd[1]: Stopped systemd-modules-load.service - Load Kernel Modules.
Oct 05 15:28:03 host01 systemd[1]: systemd-tmpfiles-setup-dev.service: Deactivated successfully.
Oct 05 15:28:03 host01 systemd[1]: Stopped systemd-tmpfiles-setup-dev.service - Create Static Device Nodes in /dev.
Oct 05 15:28:03 host01 systemd[1]: systemd-tmpfiles-setup-dev-early.service: Deactivated successfully.
Oct 05 15:28:03 host01 systemd[1]: Stopped systemd-tmpfiles-setup-dev-early.service - Create Static Device Nodes in /dev gracefully.
Oct 05 15:28:03 host01 systemd[1]: Reached target shutdown.target - System Shutdown.
Oct 05 15:28:03 host01 systemd[1]: Reached target final.target - Late Shutdown Services.
Oct 05 15:28:03 host01 systemd[1]: systemd-reboot.service: Deactivated successfully.
Oct 05 15:28:03 host01 systemd[1]: Finished systemd-reboot.service - System Reboot.
Oct 05 15:28:03 host01 systemd[1]: Reached target reboot.target - System Reboot.
Oct 05 15:28:03 host01 systemd[1]: Shutting down.
Oct 05 15:28:03 host01 systemd-shutdown[1]: Syncing filesystems and block devices.
Oct 05 15:28:03 host01 systemd-shutdown[1]: Sending SIGTERM to remaining processes...
Oct 05 15:28:03 host01 systemd-journald[296]: Received SIGTERM from PID 1 (systemd-shutdow).
Oct 05 15:28:03 host01 systemd-journald[296]: Journal stopped
Oct 05 15:28:08 host01 kernel: Linux version 6.12.111+deb13-cloud-amd64 (debian-kernel@lists.debian.org) (x86_64-linux-gnu-gcc-14 (Debian 14.2.0-19) 14.2.0, GNU ld (GNU Binutils for Debian) 2.44) #1 SMP PREEMPT_DYNAMIC Debian 6.12.111-1 (2026-09-28)
Oct 05 15:28:08 host01 kernel: Command line: BOOT_IMAGE=/boot/vmlinuz-6.12.111+deb13-cloud-amd64 root=PARTUUID=00000000-0000-0000-0000-000000000000 ro console=tty0 console=ttyS0,115200 earlyprintk=ttyS0,115200 consoleblank=0
Oct 05 15:28:08 host01 kernel: BIOS-provided physical RAM map:
Oct 05 15:28:08 host01 kernel: BIOS-e820: [mem 0x0000000000000000-0x000000000009fbff] usable
Oct 05 15:28:08 host01 kernel: BIOS-e820: [mem 0x000000000009fc00-0x000000000009ffff] reserved
Oct 05 15:28:08 host01 kernel: BIOS-e820: [mem 0x00000000000f0000-0x00000000000fffff] reserved
Oct 05 15:28:08 host01 kernel: BIOS-e820: [mem 0x0000000000100000-0x000000007ffd5fff] usable
Oct 05 15:28:08 host01 kernel: BIOS-e820: [mem 0x000000007ffd6000-0x000000007fffffff] reserved
Oct 05 15:28:08 host01 kernel: BIOS-e820: [mem 0x00000000b0000000-0x00000000bfffffff] reserved
Oct 05 15:28:08 host01 kernel: BIOS-e820: [mem 0x00000000fed1c000-0x00000000fed1ffff] reserved
Oct 05 15:28:08 host01 kernel: BIOS-e820: [mem 0x00000000feffc000-0x00000000feffffff] reserved
Oct 05 15:28:08 host01 kernel: BIOS-e820: [mem 0x00000000fffc0000-0x00000000ffffffff] reserved
Oct 05 15:28:08 host01 kernel: printk: legacy bootconsole [earlyser0] enabled
Oct 05 15:28:08 host01 kernel: NX (Execute Disable) protection: active
Oct 05 15:28:08 host01 kernel: APIC: Static calls initialized
Oct 05 15:28:08 host01 kernel: SMBIOS 3.0.0 present.
Oct 05 15:28:08 host01 kernel: DMI: QEMU Standard PC (Q35 + ICH9, 2009), BIOS 1.16.3-debian-1.16.3-2 04/01/2014
Oct 05 15:28:08 host01 kernel: DMI: Memory slots populated: 1/1
Oct 05 15:28:08 host01 kernel: Hypervisor detected: KVM
Oct 05 15:28:08 host01 kernel: last_pfn = 0x7ffd6 max_arch_pfn = 0x10000000000
Oct 05 15:28:08 host01 kernel: kvm-clock: Using msrs 4b564d01 and 4b564d00
Oct 05 15:28:08 host01 kernel: kvm-clock: using sched offset of 75055586361 cycles
Oct 05 15:28:08 host01 kernel: clocksource: kvm-clock: mask: 0xffffffffffffffff max_cycles: 0x1cd42e4dffb, max_idle_ns: 881590591483 ns
Oct 05 15:28:08 host01 kernel: tsc: Detected 2599.998 MHz processor
Oct 05 15:28:08 host01 kernel: e820: update [mem 0x00000000-0x00000fff] usable ==> reserved
Oct 05 15:28:08 host01 kernel: e820: remove [mem 0x000a0000-0x000fffff] usable
Oct 05 15:28:08 host01 kernel: last_pfn = 0x7ffd6 max_arch_pfn = 0x10000000000
Oct 05 15:28:08 host01 kernel: MTRR map: 4 entries (3 fixed + 1 variable; max 19), built from 8 variable MTRRs
Oct 05 15:28:08 host01 kernel: x86/PAT: Configuration [0-7]: WB  WC  UC- UC  WB  WP  UC- WT  
Oct 05 15:28:08 host01 kernel: Using GB pages for direct mapping
Oct 05 15:28:08 host01 kernel: RAMDISK: [mem 0x35d15000-0x36e81fff]
Oct 05 15:28:08 host01 kernel: ACPI: Early table checksum verification disabled
Oct 05 15:28:08 host01 kernel: ACPI: RSDP 0x00000000000F52A0 000014 (v00 BOCHS )
Oct 05 15:28:08 host01 kernel: ACPI: RSDT 0x000000007FFE239C 000038 (v01 BOCHS  BXPC     00000001 BXPC 00000001)
Oct 05 15:28:08 host01 kernel: ACPI: FACP 0x000000007FFE218C 0000F4 (v03 BOCHS  BXPC     00000001 BXPC 00000001)
Oct 05 15:28:08 host01 kernel: ACPI: DSDT 0x000000007FFE0040 00214C (v01 BOCHS  BXPC     00000001 BXPC 00000001)
Oct 05 15:28:08 host01 kernel: ACPI: FACS 0x000000007FFE0000 000040
Oct 05 15:28:08 host01 kernel: ACPI: APIC 0x000000007FFE2280 000080 (v03 BOCHS  BXPC     00000001 BXPC 00000001)
Oct 05 15:28:08 host01 kernel: ACPI: HPET 0x000000007FFE2300 000038 (v01 BOCHS  BXPC     00000001 BXPC 00000001)
Oct 05 15:28:08 host01 kernel: ACPI: MCFG 0x000000007FFE2338 00003C (v01 BOCHS  BXPC     00000001 BXPC 00000001)
Oct 05 15:28:08 host01 kernel: ACPI: WAET 0x000000007FFE2374 000028 (v01 BOCHS  BXPC     00000001 BXPC 00000001)
Oct 05 15:28:08 host01 kernel: ACPI: Reserving FACP table memory at [mem 0x7ffe218c-0x7ffe227f]
Oct 05 15:28:08 host01 kernel: ACPI: Reserving DSDT table memory at [mem 0x7ffe0040-0x7ffe218b]
Oct 05 15:28:08 host01 kernel: ACPI: Reserving FACS table memory at [mem 0x7ffe0000-0x7ffe003f]
Oct 05 15:28:08 host01 kernel: ACPI: Reserving APIC table memory at [mem 0x7ffe2280-0x7ffe22ff]
Oct 05 15:28:08 host01 kernel: ACPI: Reserving HPET table memory at [mem 0x7ffe2300-0x7ffe2337]
Oct 05 15:28:08 host01 kernel: ACPI: Reserving MCFG table memory at [mem 0x7ffe2338-0x7ffe2373]
Oct 05 15:28:08 host01 kernel: ACPI: Reserving WAET table memory at [mem 0x7ffe2374-0x7ffe239b]
Oct 05 15:28:08 host01 kernel: No NUMA configuration found
Oct 05 15:28:08 host01 kernel: Faking a node at [mem 0x0000000000000000-0x000000007ffd5fff]
Oct 05 15:28:08 host01 kernel: NODE_DATA(0) allocated [mem 0x7ffab680-0x7ffd5fff]
Oct 05 15:28:08 host01 kernel: Zone ranges:
Oct 05 15:28:08 host01 kernel:   DMA      [mem 0x0000000000001000-0x0000000000ffffff]
Oct 05 15:28:08 host01 kernel:   DMA32    [mem 0x0000000001000000-0x000000007ffd5fff]
Oct 05 15:28:08 host01 kernel:   Normal   empty
Oct 05 15:28:08 host01 kernel:   Device   empty
Oct 05 15:28:08 host01 kernel: Movable zone start for each node
Oct 05 15:28:08 host01 kernel: Early memory node ranges
Oct 05 15:28:08 host01 kernel:   node   0: [mem 0x0000000000001000-0x000000000009efff]
Oct 05 15:28:08 host01 kernel:   node   0: [mem 0x0000000000100000-0x000000007ffd5fff]
Oct 05 15:28:08 host01 kernel: Initmem setup node 0 [mem 0x0000000000001000-0x000000007ffd5fff]
Oct 05 15:28:08 host01 kernel: On node 0, zone DMA: 1 pages in unavailable ranges
Oct 05 15:28:08 host01 kernel: On node 0, zone DMA: 97 pages in unavailable ranges
Oct 05 15:28:08 host01 kernel: On node 0, zone DMA32: 42 pages in unavailable ranges
Oct 05 15:28:08 host01 kernel: ACPI: PM-Timer IO Port: 0x608
Oct 05 15:28:08 host01 kernel: ACPI: LAPIC_NMI (acpi_id[0xff] dfl dfl lint[0x1])
Oct 05 15:28:08 host01 kernel: IOAPIC[0]: apic_id 0, version 17, address 0xfec00000, GSI 0-23
Oct 05 15:28:08 host01 kernel: ACPI: INT_SRC_OVR (bus 0 bus_irq 0 global_irq 2 dfl dfl)
Oct 05 15:28:08 host01 kernel: ACPI: INT_SRC_OVR (bus 0 bus_irq 5 global_irq 5 high level)
Oct 05 15:28:08 host01 kernel: ACPI: INT_SRC_OVR (bus 0 bus_irq 9 global_irq 9 high level)
Oct 05 15:28:08 host01 kernel: ACPI: INT_SRC_OVR (bus 0 bus_irq 10 global_irq 10 high level)
Oct 05 15:28:08 host01 kernel: ACPI: INT_SRC_OVR (bus 0 bus_irq 11 global_irq 11 high level)
Oct 05 15:28:08 host01 kernel: ACPI: Using ACPI (MADT) for SMP configuration information
Oct 05 15:28:08 host01 kernel: ACPI: HPET id: 0x8086a201 base: 0xfed00000
Oct 05 15:28:08 host01 kernel: TSC deadline timer available
Oct 05 15:28:08 host01 kernel: CPU topo: Max. logical packages:   1
Oct 05 15:28:08 host01 kernel: CPU topo: Max. logical dies:       1
Oct 05 15:28:08 host01 kernel: CPU topo: Max. dies per package:   1
Oct 05 15:28:08 host01 kernel: CPU topo: Max. threads per core:   1
Oct 05 15:28:08 host01 kernel: CPU topo: Num. cores per package:     2
Oct 05 15:28:08 host01 kernel: CPU topo: Num. threads per package:   2
Oct 05 15:28:08 host01 kernel: CPU topo: Allowing 2 present CPUs plus 0 hotplug CPUs
Oct 05 15:28:08 host01 kernel: kvm-guest: APIC: eoi() replaced with kvm_guest_apic_eoi_write()
Oct 05 15:28:08 host01 kernel: kvm-guest: KVM setup pv remote TLB flush
Oct 05 15:28:08 host01 kernel: kvm-guest: setup PV sched yield
Oct 05 15:28:08 host01 kernel: PM: hibernation: Registered nosave memory: [mem 0x00000000-0x00000fff]
Oct 05 15:28:08 host01 kernel: PM: hibernation: Registered nosave memory: [mem 0x0009f000-0x000fffff]
Oct 05 15:28:08 host01 kernel: [mem 0xc0000000-0xfed1bfff] available for PCI devices
Oct 05 15:28:08 host01 kernel: Booting paravirtualized kernel on KVM
Oct 05 15:28:08 host01 kernel: clocksource: refined-jiffies: mask: 0xffffffff max_cycles: 0xffffffff, max_idle_ns: 7645519600211568 ns
Oct 05 15:28:08 host01 kernel: setup_percpu: NR_CPUS:8192 nr_cpumask_bits:2 nr_cpu_ids:2 nr_node_ids:1
Oct 05 15:28:08 host01 kernel: percpu: Embedded 66 pages/cpu s233472 r8192 d28672 u1048576
Oct 05 15:28:08 host01 kernel: pcpu-alloc: s233472 r8192 d28672 u1048576 alloc=1*2097152
Oct 05 15:28:08 host01 kernel: pcpu-alloc: [0] 0 1 
Oct 05 15:28:08 host01 kernel: kvm-guest: PV spinlocks enabled
Oct 05 15:28:08 host01 kernel: PV qspinlock hash table entries: 256 (order: 0, 4096 bytes, linear)
Oct 05 15:28:08 host01 kernel: Kernel command line: BOOT_IMAGE=/boot/vmlinuz-6.12.111+deb13-cloud-amd64 root=PARTUUID=00000000-0000-0000-0000-000000000000 ro console=tty0 console=ttyS0,115200 earlyprintk=ttyS0,115200 consoleblank=0
Oct 05 15:28:08 host01 kernel: random: crng init done
Oct 05 15:28:08 host01 kernel: Dentry cache hash table entries: 262144 (order: 9, 2097152 bytes, linear)
Oct 05 15:28:08 host01 kernel: Inode-cache hash table entries: 131072 (order: 8, 1048576 bytes, linear)
Oct 05 15:28:08 host01 kernel: Fallback order for Node 0: 0 
Oct 05 15:28:08 host01 kernel: Built 1 zonelists, mobility grouping on.  Total pages: 524148
Oct 05 15:28:08 host01 kernel: Policy zone: DMA32
Oct 05 15:28:08 host01 kernel: mem auto-init: stack:all(zero), heap alloc:on, heap free:off
Oct 05 15:28:08 host01 kernel: SLUB: HWalign=64, Order=0-3, MinObjects=0, CPUs=2, Nodes=1
Oct 05 15:28:08 host01 kernel: ftrace: allocating 42497 entries in 168 pages
Oct 05 15:28:08 host01 kernel: ftrace: allocated 168 pages with 3 groups
Oct 05 15:28:08 host01 kernel: Dynamic Preempt: voluntary
Oct 05 15:28:08 host01 kernel: rcu: Preemptible hierarchical RCU implementation.
Oct 05 15:28:08 host01 kernel: rcu:         RCU restricting CPUs from NR_CPUS=8192 to nr_cpu_ids=2.
Oct 05 15:28:08 host01 kernel:         Trampoline variant of Tasks RCU enabled.
Oct 05 15:28:08 host01 kernel:         Rude variant of Tasks RCU enabled.
Oct 05 15:28:08 host01 kernel:         Tracing variant of Tasks RCU enabled.
Oct 05 15:28:08 host01 kernel: rcu: RCU calculated value of scheduler-enlistment delay is 25 jiffies.
Oct 05 15:28:08 host01 kernel: rcu: Adjusting geometry for rcu_fanout_leaf=16, nr_cpu_ids=2
Oct 05 15:28:08 host01 kernel: RCU Tasks: Setting shift to 1 and lim to 1 rcu_task_cb_adjust=1 rcu_task_cpu_ids=2.
Oct 05 15:28:08 host01 kernel: RCU Tasks Rude: Setting shift to 1 and lim to 1 rcu_task_cb_adjust=1 rcu_task_cpu_ids=2.
Oct 05 15:28:08 host01 kernel: RCU Tasks Trace: Setting shift to 1 and lim to 1 rcu_task_cb_adjust=1 rcu_task_cpu_ids=2.
Oct 05 15:28:08 host01 kernel: NR_IRQS: 524544, nr_irqs: 440, preallocated irqs: 16
Oct 05 15:28:08 host01 kernel: rcu: srcu_init: Setting srcu_struct sizes based on contention.
Oct 05 15:28:08 host01 kernel: clocksource: jiffies: mask: 0xffffffff max_cycles: 0xffffffff, max_idle_ns: 7645041785100000 ns
Oct 05 15:28:08 host01 kernel: Console: colour VGA+ 80x25
Oct 05 15:28:08 host01 kernel: printk: legacy console [tty0] enabled
Oct 05 15:28:08 host01 kernel: printk: legacy console [ttyS0] enabled
Oct 05 15:28:08 host01 kernel: printk: legacy bootconsole [earlyser0] disabled
Oct 05 15:28:08 host01 kernel: ACPI: Core revision 20240827
Oct 05 15:28:08 host01 kernel: clocksource: hpet: mask: 0xffffffff max_cycles: 0xffffffff, max_idle_ns: 19112604467 ns
Oct 05 15:28:08 host01 kernel: APIC: Switch to symmetric I/O mode setup
Oct 05 15:28:08 host01 kernel: x2apic enabled
Oct 05 15:28:08 host01 kernel: APIC: Switched APIC routing to: physical x2apic
Oct 05 15:28:08 host01 kernel: kvm-guest: APIC: send_IPI_mask() replaced with kvm_send_ipi_mask()
Oct 05 15:28:08 host01 kernel: kvm-guest: APIC: send_IPI_mask_allbutself() replaced with kvm_send_ipi_mask_allbutself()
Oct 05 15:28:08 host01 kernel: kvm-guest: setup PV IPIs
Oct 05 15:28:08 host01 kernel: ..TIMER: vector=0x30 apic1=0 pin1=2 apic2=-1 pin2=-1
Oct 05 15:28:08 host01 kernel: clocksource: tsc-early: mask: 0xffffffffffffffff max_cycles: 0x257a3a7b45f, max_idle_ns: 440795312762 ns
Oct 05 15:28:08 host01 kernel: Calibrating delay loop (skipped) preset value.. 5199.99 BogoMIPS (lpj=10399992)
Oct 05 15:28:08 host01 kernel: x86/cpu: User Mode Instruction Prevention (UMIP) activated
Oct 05 15:28:08 host01 kernel: Last level iTLB entries: 4KB 0, 2MB 0, 4MB 0
Oct 05 15:28:08 host01 kernel: Last level dTLB entries: 4KB 0, 2MB 0, 4MB 0, 1GB 0
Oct 05 15:28:08 host01 kernel: Spectre V1 : Mitigation: usercopy/swapgs barriers and __user pointer sanitization
Oct 05 15:28:08 host01 kernel: Spectre V2 : Mitigation: Retpolines
Oct 05 15:28:08 host01 kernel: Spectre V2 : Spectre v2 / SpectreRSB: Filling RSB on context switch and VMEXIT
Oct 05 15:28:08 host01 kernel: RETBleed: WARNING: Spectre v2 mitigation leaves CPU vulnerable to RETBleed attacks, data leaks possible!
Oct 05 15:28:08 host01 kernel: RETBleed: Vulnerable
Oct 05 15:28:08 host01 kernel: Speculative Store Bypass: Vulnerable
Oct 05 15:28:08 host01 kernel: active return thunk: its_return_thunk
Oct 05 15:28:08 host01 kernel: ITS: Mitigation: Aligned branch/return thunks
Oct 05 15:28:08 host01 kernel: x86/fpu: Supporting XSAVE feature 0x001: 'x87 floating point registers'
Oct 05 15:28:08 host01 kernel: x86/fpu: Supporting XSAVE feature 0x002: 'SSE registers'
Oct 05 15:28:08 host01 kernel: x86/fpu: Supporting XSAVE feature 0x004: 'AVX registers'
Oct 05 15:28:08 host01 kernel: x86/fpu: Supporting XSAVE feature 0x020: 'AVX-512 opmask'
Oct 05 15:28:08 host01 kernel: x86/fpu: Supporting XSAVE feature 0x040: 'AVX-512 Hi256'
Oct 05 15:28:08 host01 kernel: x86/fpu: Supporting XSAVE feature 0x080: 'AVX-512 ZMM_Hi256'
Oct 05 15:28:08 host01 kernel: x86/fpu: Supporting XSAVE feature 0x20000: 'AMX Tile config'
Oct 05 15:28:08 host01 kernel: x86/fpu: Supporting XSAVE feature 0x40000: 'AMX Tile data'
Oct 05 15:28:08 host01 kernel: x86/fpu: xstate_offset[2]:  576, xstate_sizes[2]:  256
Oct 05 15:28:08 host01 kernel: x86/fpu: xstate_offset[5]:  832, xstate_sizes[5]:   64
Oct 05 15:28:08 host01 kernel: x86/fpu: xstate_offset[6]:  896, xstate_sizes[6]:  512
Oct 05 15:28:08 host01 kernel: x86/fpu: xstate_offset[7]: 1408, xstate_sizes[7]: 1024
Oct 05 15:28:08 host01 kernel: x86/fpu: xstate_offset[17]: 2432, xstate_sizes[17]:   64
Oct 05 15:28:08 host01 kernel: x86/fpu: xstate_offset[18]: 2496, xstate_sizes[18]: 8192
Oct 05 15:28:08 host01 kernel: x86/fpu: Enabled xstate features 0x600e7, context size is 10688 bytes, using 'compacted' format.
Oct 05 15:28:08 host01 kernel: Freeing SMP alternatives memory: 40K
Oct 05 15:28:08 host01 kernel: pid_max: default: 32768 minimum: 301
Oct 05 15:28:08 host01 kernel: LSM: initializing lsm=lockdown,capability,landlock,yama,apparmor,tomoyo,bpf,ipe,ima,evm
Oct 05 15:28:08 host01 kernel: landlock: Up and running.
Oct 05 15:28:08 host01 kernel: Yama: disabled by default; enable with sysctl kernel.yama.*
Oct 05 15:28:08 host01 kernel: AppArmor: AppArmor initialized
Oct 05 15:28:08 host01 kernel: TOMOYO Linux initialized
Oct 05 15:28:08 host01 kernel: LSM support for eBPF active
Oct 05 15:28:08 host01 kernel: Mount-cache hash table entries: 4096 (order: 3, 32768 bytes, linear)
Oct 05 15:28:08 host01 kernel: Mountpoint-cache hash table entries: 4096 (order: 3, 32768 bytes, linear)
Oct 05 15:28:08 host01 kernel: smpboot: CPU0: Intel(R) Xeon(R) 6973P-C (family: 0x6, model: 0xad, stepping: 0x1)
Oct 05 15:28:08 host01 kernel: Performance Events: unsupported p6 CPU model 173 no PMU driver, software events only.
Oct 05 15:28:08 host01 kernel: signal: max sigframe size: 11952
Oct 05 15:28:08 host01 kernel: rcu: Hierarchical SRCU implementation.
Oct 05 15:28:08 host01 kernel: rcu:         Max phase no-delay instances is 1000.
Oct 05 15:28:08 host01 kernel: Timer migration: 1 hierarchy levels; 8 children per group; 1 crossnode level
Oct 05 15:28:08 host01 kernel: NMI watchdog: Perf NMI watchdog permanently disabled
Oct 05 15:28:08 host01 kernel: smp: Bringing up secondary CPUs ...
Oct 05 15:28:08 host01 kernel: smpboot: x86: Booting SMP configuration:
Oct 05 15:28:08 host01 kernel: .... node  #0, CPUs:      #1
Oct 05 15:28:08 host01 kernel: smp: Brought up 1 node, 2 CPUs
Oct 05 15:28:08 host01 kernel: smpboot: Total of 2 processors activated (10399.99 BogoMIPS)
Oct 05 15:28:08 host01 kernel: node 0 deferred pages initialised in 4ms
Oct 05 15:28:08 host01 kernel: Memory: 1991496K/2096592K available (16384K kernel code, 2506K rwdata, 11016K rodata, 3944K init, 5276K bss, 101172K reserved, 0K cma-reserved)
Oct 05 15:28:08 host01 kernel: devtmpfs: initialized
Oct 05 15:28:08 host01 kernel: x86/mm: Memory block size: 128MB
Oct 05 15:28:08 host01 kernel: futex hash table entries: 512 (order: 3, 32768 bytes, linear)
Oct 05 15:28:08 host01 kernel: NET: Registered PF_NETLINK/PF_ROUTE protocol family
Oct 05 15:28:08 host01 kernel: DMA: preallocated 256 KiB GFP_KERNEL pool for atomic allocations
Oct 05 15:28:08 host01 kernel: DMA: preallocated 256 KiB GFP_KERNEL|GFP_DMA pool for atomic allocations
Oct 05 15:28:08 host01 kernel: DMA: preallocated 256 KiB GFP_KERNEL|GFP_DMA32 pool for atomic allocations
Oct 05 15:28:08 host01 kernel: audit: initializing netlink subsys (disabled)
Oct 05 15:28:08 host01 kernel: audit: type=2000 audit(1791214085.890:1): state=initialized audit_enabled=0 res=1
Oct 05 15:28:08 host01 kernel: thermal_sys: Registered thermal governor 'fair_share'
Oct 05 15:28:08 host01 kernel: thermal_sys: Registered thermal governor 'bang_bang'
Oct 05 15:28:08 host01 kernel: thermal_sys: Registered thermal governor 'step_wise'
Oct 05 15:28:08 host01 kernel: thermal_sys: Registered thermal governor 'user_space'
Oct 05 15:28:08 host01 kernel: thermal_sys: Registered thermal governor 'power_allocator'
Oct 05 15:28:08 host01 kernel: cpuidle: using governor ladder
Oct 05 15:28:08 host01 kernel: cpuidle: using governor menu
Oct 05 15:28:08 host01 kernel: acpiphp: ACPI Hot Plug PCI Controller Driver version: 0.5
Oct 05 15:28:08 host01 kernel: PCI: ECAM [mem 0xb0000000-0xbfffffff] (base 0xb0000000) for domain 0000 [bus 00-ff]
Oct 05 15:28:08 host01 kernel: PCI: ECAM [mem 0xb0000000-0xbfffffff] reserved as E820 entry
Oct 05 15:28:08 host01 kernel: PCI: Using configuration type 1 for base access
Oct 05 15:28:08 host01 kernel: kprobes: kprobe jump-optimization is enabled. All kprobes are optimized if possible.
Oct 05 15:28:08 host01 kernel: HugeTLB: registered 1.00 GiB page size, pre-allocated 0 pages
Oct 05 15:28:08 host01 kernel: HugeTLB: 16380 KiB vmemmap can be freed for a 1.00 GiB page
Oct 05 15:28:08 host01 kernel: HugeTLB: registered 2.00 MiB page size, pre-allocated 0 pages
Oct 05 15:28:08 host01 kernel: HugeTLB: 28 KiB vmemmap can be freed for a 2.00 MiB page
Oct 05 15:28:08 host01 kernel: ACPI: Added _OSI(Module Device)
Oct 05 15:28:08 host01 kernel: ACPI: Added _OSI(Processor Device)
Oct 05 15:28:08 host01 kernel: ACPI: Added _OSI(Processor Aggregator Device)
Oct 05 15:28:08 host01 kernel: ACPI: 1 ACPI AML tables successfully acquired and loaded
Oct 05 15:28:08 host01 kernel: ACPI: Interpreter enabled
Oct 05 15:28:08 host01 kernel: ACPI: PM: (supports S0 S3 S4 S5)
Oct 05 15:28:08 host01 kernel: ACPI: Using IOAPIC for interrupt routing
Oct 05 15:28:08 host01 kernel: PCI: Using host bridge windows from ACPI; if necessary, use "pci=nocrs" and report a bug
Oct 05 15:28:08 host01 kernel: PCI: Using E820 reservations for host bridge windows
Oct 05 15:28:08 host01 kernel: ACPI: Enabled 2 GPEs in block 00 to 3F
Oct 05 15:28:08 host01 kernel: ACPI: PCI Root Bridge [PCI0] (domain 0000 [bus 00-ff])
Oct 05 15:28:08 host01 kernel: acpi PNP0A08:00: _OSC: OS supports [ExtendedConfig ASPM ClockPM Segments MSI HPX-Type3]
Oct 05 15:28:08 host01 kernel: acpi PNP0A08:00: _OSC: platform does not support [PCIeHotplug LTR]
Oct 05 15:28:08 host01 kernel: acpi PNP0A08:00: _OSC: OS now controls [PME AER PCIeCapability]
Oct 05 15:28:08 host01 kernel: PCI host bridge to bus 0000:00
Oct 05 15:28:08 host01 kernel: pci_bus 0000:00: root bus resource [io  0x0000-0x0cf7 window]
Oct 05 15:28:08 host01 kernel: pci_bus 0000:00: root bus resource [io  0x0d00-0xffff window]
Oct 05 15:28:08 host01 kernel: pci_bus 0000:00: root bus resource [mem 0x000a0000-0x000bffff window]
Oct 05 15:28:08 host01 kernel: pci_bus 0000:00: root bus resource [mem 0x80000000-0xafffffff window]
Oct 05 15:28:08 host01 kernel: pci_bus 0000:00: root bus resource [mem 0xc0000000-0xfebfffff window]
Oct 05 15:28:08 host01 kernel: pci_bus 0000:00: root bus resource [mem 0x100000000-0x8ffffffff window]
Oct 05 15:28:08 host01 kernel: pci_bus 0000:00: root bus resource [bus 00-ff]
Oct 05 15:28:08 host01 kernel: pci 0000:00:00.0: [8086:29c0] type 00 class 0x060000 conventional PCI endpoint
Oct 05 15:28:08 host01 kernel: pci 0000:00:01.0: [1234:1111] type 00 class 0x030000 conventional PCI endpoint
Oct 05 15:28:08 host01 kernel: pci 0000:00:01.0: BAR 0 [mem 0xfd000000-0xfdffffff pref]
Oct 05 15:28:08 host01 kernel: pci 0000:00:01.0: BAR 2 [mem 0xfeb90000-0xfeb90fff]
Oct 05 15:28:08 host01 kernel: pci 0000:00:01.0: ROM [mem 0xfeb80000-0xfeb8ffff pref]
Oct 05 15:28:08 host01 kernel: pci 0000:00:01.0: Video device with shadowed ROM at [mem 0x000c0000-0x000dffff]
Oct 05 15:28:08 host01 kernel: pci 0000:00:02.0: [1af4:1001] type 00 class 0x010000 conventional PCI endpoint
Oct 05 15:28:08 host01 kernel: pci 0000:00:02.0: BAR 0 [io  0xc000-0xc07f]
Oct 05 15:28:08 host01 kernel: pci 0000:00:02.0: BAR 1 [mem 0xfeb91000-0xfeb91fff]
Oct 05 15:28:08 host01 kernel: pci 0000:00:02.0: BAR 4 [mem 0xfe000000-0xfe003fff 64bit pref]
Oct 05 15:28:08 host01 kernel: pci 0000:00:03.0: [1af4:1001] type 00 class 0x010000 conventional PCI endpoint
Oct 05 15:28:08 host01 kernel: pci 0000:00:03.0: BAR 0 [io  0xc080-0xc0ff]
Oct 05 15:28:08 host01 kernel: pci 0000:00:03.0: BAR 1 [mem 0xfeb92000-0xfeb92fff]
Oct 05 15:28:08 host01 kernel: pci 0000:00:03.0: BAR 4 [mem 0xfe004000-0xfe007fff 64bit pref]
Oct 05 15:28:08 host01 kernel: pci 0000:00:04.0: [1af4:1000] type 00 class 0x020000 conventional PCI endpoint
Oct 05 15:28:08 host01 kernel: pci 0000:00:04.0: BAR 0 [io  0xc1c0-0xc1df]
Oct 05 15:28:08 host01 kernel: pci 0000:00:04.0: BAR 1 [mem 0xfeb93000-0xfeb93fff]
Oct 05 15:28:08 host01 kernel: pci 0000:00:04.0: BAR 4 [mem 0xfe008000-0xfe00bfff 64bit pref]
Oct 05 15:28:08 host01 kernel: pci 0000:00:04.0: ROM [mem 0xfeb00000-0xfeb7ffff pref]
Oct 05 15:28:08 host01 kernel: pci 0000:00:05.0: [1af4:1001] type 00 class 0x010000 conventional PCI endpoint
Oct 05 15:28:08 host01 kernel: pci 0000:00:05.0: BAR 0 [io  0xc100-0xc17f]
Oct 05 15:28:08 host01 kernel: pci 0000:00:05.0: BAR 1 [mem 0xfeb94000-0xfeb94fff]
Oct 05 15:28:08 host01 kernel: pci 0000:00:05.0: BAR 4 [mem 0xfe00c000-0xfe00ffff 64bit pref]
Oct 05 15:28:08 host01 kernel: pci 0000:00:1f.0: [8086:2918] type 00 class 0x060100 conventional PCI endpoint
Oct 05 15:28:08 host01 kernel: pci 0000:00:1f.0: quirk: [io  0x0600-0x067f] claimed by ICH6 ACPI/GPIO/TCO
Oct 05 15:28:08 host01 kernel: pci 0000:00:1f.2: [8086:2922] type 00 class 0x010601 conventional PCI endpoint
Oct 05 15:28:08 host01 kernel: pci 0000:00:1f.2: BAR 4 [io  0xc1e0-0xc1ff]
Oct 05 15:28:08 host01 kernel: pci 0000:00:1f.2: BAR 5 [mem 0xfeb95000-0xfeb95fff]
Oct 05 15:28:08 host01 kernel: pci 0000:00:1f.3: [8086:2930] type 00 class 0x0c0500 conventional PCI endpoint
Oct 05 15:28:08 host01 kernel: pci 0000:00:1f.3: BAR 4 [io  0x0700-0x073f]
Oct 05 15:28:08 host01 kernel: ACPI: PCI: Interrupt link LNKA configured for IRQ 10
Oct 05 15:28:08 host01 kernel: ACPI: PCI: Interrupt link LNKB configured for IRQ 10
Oct 05 15:28:08 host01 kernel: ACPI: PCI: Interrupt link LNKC configured for IRQ 11
Oct 05 15:28:08 host01 kernel: ACPI: PCI: Interrupt link LNKD configured for IRQ 11
Oct 05 15:28:08 host01 kernel: ACPI: PCI: Interrupt link LNKE configured for IRQ 10
Oct 05 15:28:08 host01 kernel: ACPI: PCI: Interrupt link LNKF configured for IRQ 10
Oct 05 15:28:08 host01 kernel: ACPI: PCI: Interrupt link LNKG configured for IRQ 11
Oct 05 15:28:08 host01 kernel: ACPI: PCI: Interrupt link LNKH configured for IRQ 11
Oct 05 15:28:08 host01 kernel: ACPI: PCI: Interrupt link GSIA configured for IRQ 16
Oct 05 15:28:08 host01 kernel: ACPI: PCI: Interrupt link GSIB configured for IRQ 17
Oct 05 15:28:08 host01 kernel: ACPI: PCI: Interrupt link GSIC configured for IRQ 18
Oct 05 15:28:08 host01 kernel: ACPI: PCI: Interrupt link GSID configured for IRQ 19
Oct 05 15:28:08 host01 kernel: ACPI: PCI: Interrupt link GSIE configured for IRQ 20
Oct 05 15:28:08 host01 kernel: ACPI: PCI: Interrupt link GSIF configured for IRQ 21
Oct 05 15:28:08 host01 kernel: ACPI: PCI: Interrupt link GSIG configured for IRQ 22
Oct 05 15:28:08 host01 kernel: ACPI: PCI: Interrupt link GSIH configured for IRQ 23
Oct 05 15:28:08 host01 kernel: iommu: Default domain type: Translated
Oct 05 15:28:08 host01 kernel: iommu: DMA domain TLB invalidation policy: lazy mode
Oct 05 15:28:08 host01 kernel: pps_core: LinuxPPS API ver. 1 registered
Oct 05 15:28:08 host01 kernel: pps_core: Software ver. 5.3.6 - Copyright 2005-2007 Rodolfo Giometti <giometti@linux.it>
Oct 05 15:28:08 host01 kernel: PTP clock support registered
Oct 05 15:28:08 host01 kernel: NetLabel: Initializing
Oct 05 15:28:08 host01 kernel: NetLabel:  domain hash size = 128
Oct 05 15:28:08 host01 kernel: NetLabel:  protocols = UNLABELED CIPSOv4 CALIPSO
Oct 05 15:28:08 host01 kernel: NetLabel:  unlabeled traffic allowed by default
Oct 05 15:28:08 host01 kernel: PCI: Using ACPI for IRQ routing
Oct 05 15:28:08 host01 kernel: PCI: pci_cache_line_size set to 64 bytes
Oct 05 15:28:08 host01 kernel: e820: reserve RAM buffer [mem 0x0009fc00-0x0009ffff]
Oct 05 15:28:08 host01 kernel: e820: reserve RAM buffer [mem 0x7ffd6000-0x7fffffff]
Oct 05 15:28:08 host01 kernel: pci 0000:00:01.0: vgaarb: setting as boot VGA device
Oct 05 15:28:08 host01 kernel: pci 0000:00:01.0: vgaarb: bridge control possible
Oct 05 15:28:08 host01 kernel: pci 0000:00:01.0: vgaarb: VGA device added: decodes=io+mem,owns=io+mem,locks=none
Oct 05 15:28:08 host01 kernel: vgaarb: loaded
Oct 05 15:28:08 host01 kernel: hpet0: at MMIO 0xfed00000, IRQs 2, 8, 0
Oct 05 15:28:08 host01 kernel: hpet0: 3 comparators, 64-bit 100.000000 MHz counter
Oct 05 15:28:08 host01 kernel: clocksource: Switched to clocksource kvm-clock
Oct 05 15:28:08 host01 kernel: VFS: Disk quotas dquot_6.6.0
Oct 05 15:28:08 host01 kernel: VFS: Dquot-cache hash table entries: 512 (order 0, 4096 bytes)
Oct 05 15:28:08 host01 kernel: AppArmor: AppArmor Filesystem Enabled
Oct 05 15:28:08 host01 kernel: pnp: PnP ACPI init
Oct 05 15:28:08 host01 kernel: system 00:05: [mem 0xb0000000-0xbfffffff window] has been reserved
Oct 05 15:28:08 host01 kernel: pnp: PnP ACPI: found 6 devices
Oct 05 15:28:08 host01 kernel: clocksource: acpi_pm: mask: 0xffffff max_cycles: 0xffffff, max_idle_ns: 2085701024 ns
Oct 05 15:28:08 host01 kernel: NET: Registered PF_INET protocol family
Oct 05 15:28:08 host01 kernel: IP idents hash table entries: 32768 (order: 6, 262144 bytes, linear)
Oct 05 15:28:08 host01 kernel: tcp_listen_portaddr_hash hash table entries: 1024 (order: 2, 16384 bytes, linear)
Oct 05 15:28:08 host01 kernel: Table-perturb hash table entries: 65536 (order: 6, 262144 bytes, linear)
Oct 05 15:28:08 host01 kernel: TCP established hash table entries: 16384 (order: 5, 131072 bytes, linear)
Oct 05 15:28:08 host01 kernel: TCP bind hash table entries: 16384 (order: 7, 524288 bytes, linear)
Oct 05 15:28:08 host01 kernel: TCP: Hash tables configured (established 16384 bind 16384)
Oct 05 15:28:08 host01 kernel: MPTCP token hash table entries: 2048 (order: 4, 49152 bytes, linear)
Oct 05 15:28:08 host01 kernel: UDP hash table entries: 1024 (order: 3, 32768 bytes, linear)
Oct 05 15:28:08 host01 kernel: UDP-Lite hash table entries: 1024 (order: 3, 32768 bytes, linear)
Oct 05 15:28:08 host01 kernel: NET: Registered PF_UNIX/PF_LOCAL protocol family
Oct 05 15:28:08 host01 kernel: NET: Registered PF_XDP protocol family
Oct 05 15:28:08 host01 kernel: pci_bus 0000:00: resource 4 [io  0x0000-0x0cf7 window]
Oct 05 15:28:08 host01 kernel: pci_bus 0000:00: resource 5 [io  0x0d00-0xffff window]
Oct 05 15:28:08 host01 kernel: pci_bus 0000:00: resource 6 [mem 0x000a0000-0x000bffff window]
Oct 05 15:28:08 host01 kernel: pci_bus 0000:00: resource 7 [mem 0x80000000-0xafffffff window]
Oct 05 15:28:08 host01 kernel: pci_bus 0000:00: resource 8 [mem 0xc0000000-0xfebfffff window]
Oct 05 15:28:08 host01 kernel: pci_bus 0000:00: resource 9 [mem 0x100000000-0x8ffffffff window]
Oct 05 15:28:08 host01 kernel: PCI: CLS 0 bytes, default 64
Oct 05 15:28:08 host01 kernel: clocksource: tsc: mask: 0xffffffffffffffff max_cycles: 0x257a3a7b45f, max_idle_ns: 440795312762 ns
Oct 05 15:28:08 host01 kernel: Trying to unpack rootfs image as initramfs...
Oct 05 15:28:08 host01 kernel: Initialise system trusted keyrings
Oct 05 15:28:08 host01 kernel: Key type blacklist registered
Oct 05 15:28:08 host01 kernel: workingset: timestamp_bits=36 max_order=19 bucket_order=0
Oct 05 15:28:08 host01 kernel: fuse: init (API version 7.41)
Oct 05 15:28:08 host01 kernel: integrity: Platform Keyring initialized
Oct 05 15:28:08 host01 kernel: integrity: Machine keyring initialized
Oct 05 15:28:08 host01 kernel: Key type asymmetric registered
Oct 05 15:28:08 host01 kernel: Asymmetric key parser 'x509' registered
Oct 05 15:28:08 host01 kernel: Freeing initrd memory: 17844K
Oct 05 15:28:08 host01 kernel: Block layer SCSI generic (bsg) driver version 0.4 loaded (major 247)
Oct 05 15:28:08 host01 kernel: ledtrig-cpu: registered to indicate activity on CPUs
Oct 05 15:28:08 host01 kernel: ACPI: \_SB_.GSIG: Enabled at IRQ 22
Oct 05 15:28:08 host01 kernel: ACPI: \_SB_.GSIH: Enabled at IRQ 23
Oct 05 15:28:08 host01 kernel: ACPI: \_SB_.GSIE: Enabled at IRQ 20
Oct 05 15:28:08 host01 kernel: ACPI: \_SB_.GSIF: Enabled at IRQ 21
Oct 05 15:28:08 host01 kernel: Serial: 8250/16550 driver, 4 ports, IRQ sharing enabled
Oct 05 15:28:08 host01 kernel: 00:03: ttyS0 at I/O 0x3f8 (irq = 4, base_baud = 115200) is a 16550A
Oct 05 15:28:08 host01 kernel: Key type psk registered
Oct 05 15:28:08 host01 kernel: i8042: PNP: PS/2 Controller [PNP0303:KBD,PNP0f13:MOU] at 0x60,0x64 irq 1,12
Oct 05 15:28:08 host01 kernel: serio: i8042 KBD port at 0x60,0x64 irq 1
Oct 05 15:28:08 host01 kernel: serio: i8042 AUX port at 0x60,0x64 irq 12
Oct 05 15:28:08 host01 kernel: input: AT Translated Set 2 keyboard as /devices/platform/i8042/serio0/input/input0
Oct 05 15:28:08 host01 kernel: rtc_cmos 00:04: RTC can wake from S4
Oct 05 15:28:08 host01 kernel: rtc_cmos 00:04: registered as rtc0
Oct 05 15:28:08 host01 kernel: rtc_cmos 00:04: setting system clock to 2026-10-05T15:28:06 UTC (1791214086)
Oct 05 15:28:08 host01 kernel: rtc_cmos 00:04: alarms up to one day, y3k, 242 bytes nvram, hpet irqs
Oct 05 15:28:08 host01 kernel: intel_pstate: CPU model not supported
Oct 05 15:28:08 host01 kernel: NET: Registered PF_INET6 protocol family
Oct 05 15:28:08 host01 kernel: Segment Routing with IPv6
Oct 05 15:28:08 host01 kernel: In-situ OAM (IOAM) with IPv6
Oct 05 15:28:08 host01 kernel: mip6: Mobile IPv6
Oct 05 15:28:08 host01 kernel: NET: Registered PF_PACKET protocol family
Oct 05 15:28:08 host01 kernel: IPI shorthand broadcast: enabled
Oct 05 15:28:08 host01 kernel: sched_clock: Marking stable (1117259303, 138628151)->(1316692068, -60804614)
Oct 05 15:28:08 host01 kernel: registered taskstats version 1
Oct 05 15:28:08 host01 kernel: Loading compiled-in X.509 certificates
Oct 05 15:28:08 host01 kernel: Loaded X.509 cert 'Build time autogenerated kernel key: f60dd966f3d3bf03ad4288a967de7b8ec18fc810'
Oct 05 15:28:08 host01 kernel: Demotion targets for Node 0: null
Oct 05 15:28:08 host01 kernel: Key type .fscrypt registered
Oct 05 15:28:08 host01 kernel: Key type fscrypt-provisioning registered
Oct 05 15:28:08 host01 kernel: Key type encrypted registered
Oct 05 15:28:08 host01 kernel: AppArmor: AppArmor sha256 policy hashing enabled
Oct 05 15:28:08 host01 kernel: ima: No TPM chip found, activating TPM-bypass!
Oct 05 15:28:08 host01 kernel: ima: Allocated hash algorithm: sha256
Oct 05 15:28:08 host01 kernel: ima: No architecture policies found
Oct 05 15:28:08 host01 kernel: evm: Initialising EVM extended attributes:
Oct 05 15:28:08 host01 kernel: evm: security.selinux
Oct 05 15:28:08 host01 kernel: evm: security.SMACK64 (disabled)
Oct 05 15:28:08 host01 kernel: evm: security.SMACK64EXEC (disabled)
Oct 05 15:28:08 host01 kernel: evm: security.SMACK64TRANSMUTE (disabled)
Oct 05 15:28:08 host01 kernel: evm: security.SMACK64MMAP (disabled)
Oct 05 15:28:08 host01 kernel: evm: security.apparmor
Oct 05 15:28:08 host01 kernel: evm: security.ima
Oct 05 15:28:08 host01 kernel: evm: security.capability
Oct 05 15:28:08 host01 kernel: evm: HMAC attrs: 0x1
Oct 05 15:28:08 host01 kernel: RAS: Correctable Errors collector initialized.
Oct 05 15:28:08 host01 kernel: Freeing unused decrypted memory: 2028K
Oct 05 15:28:08 host01 kernel: Freeing unused kernel image (initmem) memory: 3944K
Oct 05 15:28:08 host01 kernel: Write protecting the kernel read-only data: 28672k
Oct 05 15:28:08 host01 kernel: Freeing unused kernel image (rodata/data gap) memory: 1272K
Oct 05 15:28:08 host01 kernel: x86/mm: Checked W+X mappings: passed, no W+X pages found.
Oct 05 15:28:08 host01 kernel: Run /init as init process
Oct 05 15:28:08 host01 kernel:   with arguments:
Oct 05 15:28:08 host01 kernel:     /init
Oct 05 15:28:08 host01 kernel:   with environment:
Oct 05 15:28:08 host01 kernel:     HOME=/
Oct 05 15:28:08 host01 kernel:     TERM=linux
Oct 05 15:28:08 host01 kernel: SCSI subsystem initialized
Oct 05 15:28:08 host01 kernel: virtio_blk virtio0: 2/0/0 default/read/poll queues
Oct 05 15:28:08 host01 kernel: virtio_blk virtio0: [vda] 41943040 512-byte logical blocks (21.5 GB/20.0 GiB)
Oct 05 15:28:08 host01 kernel: libata version 3.00 loaded.
Oct 05 15:28:08 host01 kernel:  vda: vda1 vda14 vda15
Oct 05 15:28:08 host01 kernel: virtio_blk virtio1: 2/0/0 default/read/poll queues
Oct 05 15:28:08 host01 kernel: virtio_blk virtio1: [vdb] 131072 512-byte logical blocks (67.1 MB/64.0 MiB)
Oct 05 15:28:08 host01 kernel: ahci 0000:00:1f.2: version 3.0
Oct 05 15:28:08 host01 kernel: ACPI: \_SB_.GSIA: Enabled at IRQ 16
Oct 05 15:28:08 host01 kernel: virtio_net virtio2 enp0s4: renamed from eth0
Oct 05 15:28:08 host01 kernel: ahci 0000:00:1f.2: AHCI vers 0001.0000, 32 command slots, 1.5 Gbps, SATA mode
Oct 05 15:28:08 host01 kernel: virtio_blk virtio3: 2/0/0 default/read/poll queues
Oct 05 15:28:08 host01 kernel: ahci 0000:00:1f.2: 6/6 ports implemented (port mask 0x3f)
Oct 05 15:28:08 host01 kernel: virtio_blk virtio3: [vdc] 736 512-byte logical blocks (377 kB/368 KiB)
Oct 05 15:28:08 host01 kernel: ahci 0000:00:1f.2: flags: 64bit ncq only 
Oct 05 15:28:08 host01 kernel: scsi host0: ahci
Oct 05 15:28:08 host01 kernel: scsi host1: ahci
Oct 05 15:28:08 host01 kernel: scsi host2: ahci
Oct 05 15:28:08 host01 kernel: scsi host3: ahci
Oct 05 15:28:08 host01 kernel: scsi host4: ahci
Oct 05 15:28:08 host01 kernel: scsi host5: ahci
Oct 05 15:28:08 host01 kernel: ata1: SATA max UDMA/133 abar m4096@0xfeb95000 port 0xfeb95100 irq 33 lpm-pol 1
Oct 05 15:28:08 host01 kernel: ata2: SATA max UDMA/133 abar m4096@0xfeb95000 port 0xfeb95180 irq 33 lpm-pol 1
Oct 05 15:28:08 host01 kernel: ata3: SATA max UDMA/133 abar m4096@0xfeb95000 port 0xfeb95200 irq 33 lpm-pol 1
Oct 05 15:28:08 host01 kernel: ata4: SATA max UDMA/133 abar m4096@0xfeb95000 port 0xfeb95280 irq 33 lpm-pol 1
Oct 05 15:28:08 host01 kernel: ata5: SATA max UDMA/133 abar m4096@0xfeb95000 port 0xfeb95300 irq 33 lpm-pol 1
Oct 05 15:28:08 host01 kernel: ata6: SATA max UDMA/133 abar m4096@0xfeb95000 port 0xfeb95380 irq 33 lpm-pol 1
Oct 05 15:28:08 host01 kernel: ata6: SATA link down (SStatus 0 SControl 300)
Oct 05 15:28:08 host01 kernel: ata5: SATA link down (SStatus 0 SControl 300)
Oct 05 15:28:08 host01 kernel: ata2: SATA link down (SStatus 0 SControl 300)
Oct 05 15:28:08 host01 kernel: ata4: SATA link down (SStatus 0 SControl 300)
Oct 05 15:28:08 host01 kernel: ata1: SATA link down (SStatus 0 SControl 300)
Oct 05 15:28:08 host01 kernel: ata3: SATA link up 1.5 Gbps (SStatus 113 SControl 300)
Oct 05 15:28:08 host01 kernel: ata3.00: LPM support broken, forcing max_power
Oct 05 15:28:08 host01 kernel: ata3.00: ATAPI: QEMU DVD-ROM, 2.5+, max UDMA/100
Oct 05 15:28:08 host01 kernel: ata3.00: applying bridge limits
Oct 05 15:28:08 host01 kernel: ata3.00: LPM support broken, forcing max_power
Oct 05 15:28:08 host01 kernel: ata3.00: configured for UDMA/100
Oct 05 15:28:08 host01 kernel: scsi 2001:db8::2 CD-ROM            QEMU     QEMU DVD-ROM     2.5+ PQ: 0 ANSI: 5
Oct 05 15:28:08 host01 kernel: sr 2001:db8::2 [sr0] scsi3-mmc drive: 4x/4x cd/rw xa/form2 tray
Oct 05 15:28:08 host01 kernel: cdrom: Uniform CD-ROM driver Revision: 3.20
Oct 05 15:28:08 host01 kernel: sr 2001:db8::2 Attached scsi CD-ROM sr0
Oct 05 15:28:08 host01 kernel: EXT4-fs (vda1): mounted filesystem 00000000-0000-0000-0000-000000000000 ro with ordered data mode. Quota mode: none.
Oct 05 15:28:08 host01 kernel: Not activating Mandatory Access Control as /sbin/tomoyo-init does not exist.
Oct 05 15:28:08 host01 systemd[1]: Inserted module 'autofs4'
Oct 05 15:28:08 host01 systemd[1]: systemd 257.13-1~deb13u1 running in system mode (+PAM +AUDIT +SELINUX +APPARMOR +IMA +IPE +SMACK +SECCOMP +GCRYPT -GNUTLS +OPENSSL +ACL +BLKID +CURL +ELFUTILS +FIDO2 +IDN2 -IDN +IPTC +KMOD +LIBCRYPTSETUP +LIBCRYPTSETUP_PLUGINS +LIBFDISK +PCRE2 +PWQUALITY +P11KIT +QRENCODE +TPM2 +BZIP2 +LZ4 +XZ +ZLIB +ZSTD +BPF_FRAMEWORK +BTF -XKBCOMMON -UTMP +SYSVINIT +LIBARCHIVE)
Oct 05 15:28:08 host01 systemd[1]: Detected virtualization kvm.
Oct 05 15:28:08 host01 systemd[1]: Detected architecture x86-64.
Oct 05 15:28:08 host01 systemd[1]: Hostname set to <host01>.
Oct 05 15:28:08 host01 systemd[1]: bpf-restrict-fs: LSM BPF program attached
Oct 05 15:28:08 host01 kernel: Guest personality initialized and is inactive
Oct 05 15:28:08 host01 kernel: VMCI host device registered (name=vmci, major=10, minor=260)
Oct 05 15:28:08 host01 kernel: Initialized host personality
Oct 05 15:28:08 host01 kernel: NET: Registered PF_VSOCK protocol family
Oct 05 15:28:08 host01 systemd-ssh-generator[268]: Failed to query local AF_VSOCK CID: Cannot assign requested address
Oct 05 15:28:08 host01 (sd-exec-[258]: /usr/lib/systemd/system-generators/systemd-ssh-generator failed with exit status 1.
Oct 05 15:28:08 host01 systemd[1]: Queued start job for default target graphical.target.
Oct 05 15:28:08 host01 systemd[1]: Created slice system-getty.slice - Slice /system/getty.
Oct 05 15:28:08 host01 systemd[1]: Created slice system-modprobe.slice - Slice /system/modprobe.
Oct 05 15:28:08 host01 systemd[1]: Created slice system-serial\x2dgetty.slice - Slice /system/serial-getty.
Oct 05 15:28:08 host01 systemd[1]: Created slice system-systemd\x2dfsck.slice - Slice /system/systemd-fsck.
Oct 05 15:28:08 host01 systemd[1]: Created slice user.slice - User and Session Slice.
Oct 05 15:28:08 host01 systemd[1]: Started systemd-ask-password-console.path - Dispatch Password Requests to Console Directory Watch.
Oct 05 15:28:08 host01 systemd[1]: Started systemd-ask-password-wall.path - Forward Password Requests to Wall Directory Watch.
Oct 05 15:28:08 host01 systemd[1]: Set up automount proc-sys-fs-binfmt_misc.automount - Arbitrary Executable File Formats File System Automount Point.
Oct 05 15:28:08 host01 systemd[1]: Expecting device dev-disk-by\x2dpartuuid-b558256e\x2de822\x2d4787\x2d9bd2\x2dc4c47dfb54d9.device - /dev/disk/by-partuuid/00000000-0000-0000-0000-000000000000...
Oct 05 15:28:08 host01 systemd[1]: Expecting device dev-ttyS0.device - /dev/ttyS0...
Oct 05 15:28:08 host01 systemd[1]: Reached target paths.target - Path Units.
Oct 05 15:28:08 host01 systemd[1]: Reached target remote-fs.target - Remote File Systems.
Oct 05 15:28:08 host01 systemd[1]: Reached target slices.target - Slice Units.
Oct 05 15:28:08 host01 systemd[1]: Reached target swap.target - Swaps.
Oct 05 15:28:08 host01 systemd[1]: Listening on systemd-creds.socket - Credential Encryption/Decryption.
Oct 05 15:28:08 host01 systemd[1]: Listening on systemd-initctl.socket - initctl Compatibility Named Pipe.
Oct 05 15:28:08 host01 systemd[1]: Listening on systemd-journald-dev-log.socket - Journal Socket (/dev/log).
Oct 05 15:28:08 host01 systemd[1]: Listening on systemd-journald.socket - Journal Sockets.
Oct 05 15:28:08 host01 systemd[1]: Listening on systemd-networkd.socket - Network Service Netlink Socket.
Oct 05 15:28:08 host01 systemd[1]: systemd-pcrextend.socket - TPM PCR Measurements skipped, unmet condition check ConditionSecurity=measured-uki
Oct 05 15:28:08 host01 systemd[1]: systemd-pcrlock.socket - Make TPM PCR Policy skipped, unmet condition check ConditionSecurity=measured-uki
Oct 05 15:28:08 host01 systemd[1]: Listening on systemd-udevd-control.socket - udev Control Socket.
Oct 05 15:28:08 host01 systemd[1]: Listening on systemd-udevd-kernel.socket - udev Kernel Socket.
Oct 05 15:28:08 host01 systemd[1]: Mounting dev-hugepages.mount - Huge Pages File System...
Oct 05 15:28:08 host01 systemd[1]: Mounting dev-mqueue.mount - POSIX Message Queue File System...
Oct 05 15:28:08 host01 systemd[1]: Mounting run-lock.mount - Legacy Locks Directory /run/lock...
Oct 05 15:28:08 host01 systemd[1]: Mounting sys-kernel-debug.mount - Kernel Debug File System...
Oct 05 15:28:08 host01 systemd[1]: Mounting sys-kernel-tracing.mount - Kernel Trace File System...
Oct 05 15:28:08 host01 systemd[1]: Mounting tmp.mount - Temporary Directory /tmp...
Oct 05 15:28:08 host01 systemd[1]: Starting kmod-static-nodes.service - Create List of Static Device Nodes...
Oct 05 15:28:08 host01 systemd[1]: Starting modprobe@configfs.service - Load Kernel Module configfs...
Oct 05 15:28:08 host01 systemd[1]: Starting modprobe@drm.service - Load Kernel Module drm...
Oct 05 15:28:08 host01 systemd[1]: Starting modprobe@efi_pstore.service - Load Kernel Module efi_pstore...
Oct 05 15:28:08 host01 systemd[1]: Starting modprobe@fuse.service - Load Kernel Module fuse...
Oct 05 15:28:08 host01 systemd[1]: netplan-ovs-cleanup.service - OpenVSwitch configuration for cleanup skipped, unmet condition check ConditionFileIsExecutable=/usr/bin/ovs-vsctl
Oct 05 15:28:08 host01 systemd[1]: Starting systemd-fsck-root.service - File System Check on Root Device...
Oct 05 15:28:08 host01 systemd[1]: systemd-hibernate-clear.service - Clear Stale Hibernate Storage Info skipped, unmet condition check ConditionPathExists=/sys/firmware/efi/efivars/HibernateLocation-00000000-0000-0000-0000-000000000000
Oct 05 15:28:08 host01 systemd[1]: Starting systemd-journald.service - Journal Service...
Oct 05 15:28:08 host01 systemd[1]: Starting systemd-modules-load.service - Load Kernel Modules...
Oct 05 15:28:08 host01 systemd[1]: Starting systemd-network-generator.service - Generate Network Units from Kernel Command Line...
Oct 05 15:28:08 host01 systemd[1]: systemd-pcrmachine.service - TPM PCR Machine ID Measurement skipped, unmet condition check ConditionSecurity=measured-uki
Oct 05 15:28:08 host01 systemd[1]: systemd-tpm2-setup-early.service - Early TPM SRK Setup skipped, unmet condition check ConditionSecurity=measured-uki
Oct 05 15:28:08 host01 systemd[1]: Starting systemd-udev-load-credentials.service - Load udev Rules from Credentials...
Oct 05 15:28:08 host01 systemd-journald[300]: Collecting audit messages is disabled.
Oct 05 15:28:08 host01 systemd[1]: Starting systemd-udev-trigger.service - Coldplug All udev Devices...
Oct 05 15:28:08 host01 systemd-journald[300]: Journal started
Oct 05 15:28:08 host01 systemd-journald[300]: Runtime Journal (/run/log/journal/00000000000000000000000000000000) is 2.4M, max 19.7M, 17.2M free.
Oct 05 15:28:08 host01 systemd-fsck[301]: /dev/vda1: clean, 25492/1302528 files, 252557/5210107 blocks
Oct 05 15:28:08 host01 systemd[1]: Started systemd-journald.service - Journal Service.
Oct 05 15:28:08 host01 systemd[1]: Mounted dev-hugepages.mount - Huge Pages File System.
Oct 05 15:28:08 host01 systemd[1]: Mounted dev-mqueue.mount - POSIX Message Queue File System.
Oct 05 15:28:08 host01 systemd[1]: Mounted run-lock.mount - Legacy Locks Directory /run/lock.
Oct 05 15:28:08 host01 systemd[1]: Mounted sys-kernel-debug.mount - Kernel Debug File System.
Oct 05 15:28:08 host01 systemd[1]: Mounted sys-kernel-tracing.mount - Kernel Trace File System.
Oct 05 15:28:08 host01 systemd[1]: Mounted tmp.mount - Temporary Directory /tmp.
Oct 05 15:28:08 host01 systemd[1]: Finished kmod-static-nodes.service - Create List of Static Device Nodes.
Oct 05 15:28:08 host01 systemd[1]: modprobe@configfs.service: Deactivated successfully.
Oct 05 15:28:08 host01 systemd[1]: Finished modprobe@configfs.service - Load Kernel Module configfs.
Oct 05 15:28:08 host01 systemd[1]: modprobe@drm.service: Deactivated successfully.
Oct 05 15:28:08 host01 systemd[1]: Finished modprobe@drm.service - Load Kernel Module drm.
Oct 05 15:28:08 host01 systemd[1]: modprobe@efi_pstore.service: Deactivated successfully.
Oct 05 15:28:08 host01 systemd[1]: Finished modprobe@efi_pstore.service - Load Kernel Module efi_pstore.
Oct 05 15:28:08 host01 systemd[1]: modprobe@fuse.service: Deactivated successfully.
Oct 05 15:28:08 host01 systemd[1]: Finished modprobe@fuse.service - Load Kernel Module fuse.
Oct 05 15:28:08 host01 systemd[1]: Finished systemd-fsck-root.service - File System Check on Root Device.
Oct 05 15:28:08 host01 systemd[1]: Finished systemd-modules-load.service - Load Kernel Modules.
Oct 05 15:28:08 host01 systemd[1]: Finished systemd-network-generator.service - Generate Network Units from Kernel Command Line.
Oct 05 15:28:08 host01 systemd[1]: Finished systemd-udev-load-credentials.service - Load udev Rules from Credentials.
Oct 05 15:28:08 host01 systemd[1]: Finished systemd-udev-trigger.service - Coldplug All udev Devices.
Oct 05 15:28:08 host01 systemd[1]: Mounting sys-fs-fuse-connections.mount - FUSE Control File System...
Oct 05 15:28:08 host01 systemd[1]: Mounting sys-kernel-config.mount - Kernel Configuration File System...
Oct 05 15:28:08 host01 systemd[1]: Starting systemd-remount-fs.service - Remount Root and Kernel File Systems...
Oct 05 15:28:08 host01 systemd[1]: Starting systemd-sysctl.service - Apply Kernel Variables...
Oct 05 15:28:08 host01 systemd[1]: Starting systemd-tmpfiles-setup-dev-early.service - Create Static Device Nodes in /dev gracefully...
Oct 05 15:28:08 host01 systemd[1]: Mounted sys-fs-fuse-connections.mount - FUSE Control File System.
Oct 05 15:28:08 host01 systemd[1]: Mounted sys-kernel-config.mount - Kernel Configuration File System.
Oct 05 15:28:08 host01 systemd[1]: Finished systemd-sysctl.service - Apply Kernel Variables.
Oct 05 15:28:08 host01 systemd[1]: Finished systemd-tmpfiles-setup-dev-early.service - Create Static Device Nodes in /dev gracefully.
Oct 05 15:28:08 host01 kernel: EXT4-fs (vda1): re-mounted 00000000-0000-0000-0000-000000000000 r/w.
Oct 05 15:28:08 host01 systemd[1]: Finished systemd-remount-fs.service - Remount Root and Kernel File Systems.
Oct 05 15:28:08 host01 systemd[1]: Starting cloud-init-main.service - Cloud-init: Single Process...
Oct 05 15:28:08 host01 systemd[1]: Starting systemd-growfs-root.service - Grow Root File System...
Oct 05 15:28:08 host01 systemd[1]: systemd-hwdb-update.service - Rebuild Hardware Database skipped, unmet condition check ConditionNeedsUpdate=/etc
Oct 05 15:28:08 host01 systemd[1]: Starting systemd-journal-flush.service - Flush Journal to Persistent Storage...
Oct 05 15:28:08 host01 systemd[1]: systemd-pstore.service - Platform Persistent Storage Archival skipped, unmet condition check ConditionDirectoryNotEmpty=/sys/fs/pstore
Oct 05 15:28:08 host01 systemd[1]: Starting systemd-random-seed.service - Load/Save OS Random Seed...
Oct 05 15:28:08 host01 systemd[1]: systemd-sysusers.service - Create System Users skipped, no trigger condition checks were met.
Oct 05 15:28:08 host01 systemd[1]: Starting systemd-resolved.service - Network Name Resolution...
Oct 05 15:28:08 host01 kernel: EXT4-fs (vda1): resizing filesystem from 5210107 to 5210107 blocks
Oct 05 15:28:08 host01 systemd[1]: Starting systemd-timesyncd.service - Network Time Synchronization...
Oct 05 15:28:08 host01 systemd-journald[300]: Time spent on flushing to /var/log/journal/00000000000000000000000000000000 is 9.113ms for 541 entries.
Oct 05 15:28:08 host01 systemd-journald[300]: System Journal (/var/log/journal/00000000000000000000000000000000) is 8M, max 1.9G, 1.9G free.
Oct 05 15:28:09 host01 systemd-journald[300]: Received client request to flush runtime journal.
Oct 05 15:28:08 host01 systemd-growfs[344]: Successfully resized "/" to 19.8G bytes (3584 bytes lost due to blocksize).
Oct 05 15:28:08 host01 systemd[1]: Starting systemd-tmpfiles-setup-dev.service - Create Static Device Nodes in /dev...
Oct 05 15:28:08 host01 systemd[1]: systemd-tpm2-setup.service - TPM SRK Setup skipped, unmet condition check ConditionSecurity=measured-uki
Oct 05 15:28:08 host01 systemd[1]: Finished systemd-growfs-root.service - Grow Root File System.
Oct 05 15:28:08 host01 systemd[1]: Finished systemd-random-seed.service - Load/Save OS Random Seed.
Oct 05 15:28:09 host01 systemd[1]: Finished systemd-tmpfiles-setup-dev.service - Create Static Device Nodes in /dev.
Oct 05 15:28:09 host01 systemd[1]: Reached target local-fs-pre.target - Preparation for Local File Systems.
Oct 05 15:28:09 host01 systemd[1]: Starting systemd-udevd.service - Rule-based Manager for Device Events and Files...
Oct 05 15:28:09 host01 systemd[1]: Finished systemd-journal-flush.service - Flush Journal to Persistent Storage.
Oct 05 15:28:09 host01 systemd[1]: Started systemd-timesyncd.service - Network Time Synchronization.
Oct 05 15:28:09 host01 systemd[1]: Reached target time-set.target - System Time Set.
Oct 05 15:28:09 host01 systemd-resolved[347]: Positive Trust Anchors:
Oct 05 15:28:09 host01 systemd-resolved[347]: . IN DS 20326 8 2 e06d44b80b8f1d39a95c0b0d7c65d08458e880409bbc683457104237c7f8ec8d
Oct 05 15:28:09 host01 systemd-resolved[347]: . IN DS 38696 8 2 683d2d0acb8c9b712a1948b27f741219298d0a450d612c483af444a4c0fb2b16
Oct 05 15:28:09 host01 systemd-resolved[347]: Negative trust anchors: home.arpa 10.in-addr.arpa 16.172.in-addr.arpa 17.172.in-addr.arpa 18.172.in-addr.arpa 19.172.in-addr.arpa 20.172.in-addr.arpa 21.172.in-addr.arpa 22.172.in-addr.arpa 23.172.in-addr.arpa 24.172.in-addr.arpa 25.172.in-addr.arpa 26.172.in-addr.arpa 27.172.in-addr.arpa 28.172.in-addr.arpa 29.172.in-addr.arpa 30.172.in-addr.arpa 31.172.in-addr.arpa 170.0.0.192.in-addr.arpa 171.0.0.192.in-addr.arpa 168.192.in-addr.arpa d.f.ip6.arpa ipv4only.arpa resolver.arpa corp home internal intranet lan local private test
Oct 05 15:28:09 host01 systemd-udevd[358]: Using default interface naming scheme 'v257'.
Oct 05 15:28:09 host01 systemd-resolved[347]: Using system hostname 'host01'.
Oct 05 15:28:09 host01 systemd[1]: Started systemd-resolved.service - Network Name Resolution.
Oct 05 15:28:09 host01 systemd[1]: Reached target nss-lookup.target - Host and Network Name Lookups.
Oct 05 15:28:09 host01 systemd[1]: Started systemd-udevd.service - Rule-based Manager for Device Events and Files.
Oct 05 15:28:09 host01 systemd[1]: Found device dev-ttyS0.device - /dev/ttyS0.
Oct 05 15:28:09 host01 (udev-worker)[372]: enp0s4: Could not set WakeOnLan to off, ignoring: Operation not supported
Oct 05 15:28:09 host01 systemd[1]: Found device dev-disk-by\x2dpartuuid-b558256e\x2de822\x2d4787\x2d9bd2\x2dc4c47dfb54d9.device - /dev/disk/by-partuuid/00000000-0000-0000-0000-000000000000.
Oct 05 15:28:09 host01 kernel: sr 2001:db8::2 Attached scsi generic sg0 type 5
Oct 05 15:28:09 host01 systemd[1]: Starting systemd-fsck@dev-disk-by\x2dpartuuid-b558256e\x2de822\x2d4787\x2d9bd2\x2dc4c47dfb54d9.service - File System Check on /dev/disk/by-partuuid/00000000-0000-0000-0000-000000000000...
Oct 05 15:28:09 host01 kernel: input: Power Button as /devices/LNXSYSTM:00/LNXPWRBN:00/input/input2
Oct 05 15:28:09 host01 systemd-fsck[382]: fsck.fat 4.2 (2021-01-31)
Oct 05 15:28:09 host01 systemd-fsck[382]: /dev/vda15: 12 files, 4552/63339 clusters
Oct 05 15:28:09 host01 systemd[1]: Finished systemd-fsck@dev-disk-by\x2dpartuuid-b558256e\x2de822\x2d4787\x2d9bd2\x2dc4c47dfb54d9.service - File System Check on /dev/disk/by-partuuid/00000000-0000-0000-0000-000000000000.
Oct 05 15:28:09 host01 kernel: ACPI: button: Power Button [PWRF]
Oct 05 15:28:09 host01 kernel: cryptd: max_cpu_qlen set to 1000
Oct 05 15:28:09 host01 kernel: AES CTR mode by8 optimization enabled
Oct 05 15:28:09 host01 systemd[1]: Started cloud-init-main.service - Cloud-init: Single Process.
Oct 05 15:28:09 host01 systemd[1]: Starting cloud-init-local.service - Cloud-init: Local Stage (pre-network)...
Oct 05 15:28:09 host01 cloud-init[493]: Cloud-init v. 25.1.4 running 'init-local' at Mon, 05 Oct 2026 15:28:09 +0000. Up 4.18 seconds.
Oct 05 15:28:09 host01 systemd[1]: Mounting boot-efi.mount - /boot/efi...
Oct 05 15:28:09 host01 systemd[1]: Mounted boot-efi.mount - /boot/efi.
Oct 05 15:28:09 host01 systemd[1]: Reached target local-fs.target - Local File Systems.
Oct 05 15:28:09 host01 systemd-timesyncd[348]: Network configuration changed, trying to establish connection.
Oct 05 15:28:09 host01 systemd[1]: Listening on systemd-sysext.socket - System Extension Image Management.
Oct 05 15:28:09 host01 systemd[1]: Starting apparmor.service - Load AppArmor profiles...
Oct 05 15:28:09 host01 systemd[1]: Starting systemd-binfmt.service - Set Up Additional Binary Formats...
Oct 05 15:28:09 host01 systemd[1]: Starting systemd-tmpfiles-setup.service - Create System Files and Directories...
Oct 05 15:28:09 host01 systemd[1]: proc-sys-fs-binfmt_misc.automount: Got automount request for /proc/sys/fs/binfmt_misc, triggered by 501 (systemd-binfmt)
Oct 05 15:28:09 host01 systemd[1]: Mounting proc-sys-fs-binfmt_misc.mount - Arbitrary Executable File Formats File System...
Oct 05 15:28:09 host01 systemd-tmpfiles[502]: /usr/lib/tmpfiles.d/legacy.conf:14: Duplicate line for path "/run/lock", ignoring.
Oct 05 15:28:09 host01 apparmor.systemd[500]: Restarting AppArmor
Oct 05 15:28:09 host01 apparmor.systemd[500]: Reloading AppArmor profiles
Oct 05 15:28:09 host01 systemd-timesyncd[348]: Network configuration changed, trying to establish connection.
Oct 05 15:28:09 host01 systemd-timesyncd[348]: Network configuration changed, trying to establish connection.
Oct 05 15:28:09 host01 systemd-timesyncd[348]: Network configuration changed, trying to establish connection.
Oct 05 15:28:09 host01 systemd-timesyncd[348]: Network configuration changed, trying to establish connection.
Oct 05 15:28:09 host01 systemd[1]: Finished systemd-tmpfiles-setup.service - Create System Files and Directories.
Oct 05 15:28:09 host01 systemd[1]: Mounted proc-sys-fs-binfmt_misc.mount - Arbitrary Executable File Formats File System.
Oct 05 15:28:09 host01 systemd[1]: ldconfig.service - Rebuild Dynamic Linker Cache skipped, no trigger condition checks were met.
Oct 05 15:28:09 host01 systemd[1]: systemd-firstboot.service - First Boot Wizard skipped, unmet condition check ConditionFirstBoot=yes
Oct 05 15:28:09 host01 systemd[1]: first-boot-complete.target - First Boot Complete skipped, unmet condition check ConditionFirstBoot=yes
Oct 05 15:28:09 host01 systemd[1]: systemd-journal-catalog-update.service - Rebuild Journal Catalog skipped, unmet condition check ConditionNeedsUpdate=/var
Oct 05 15:28:09 host01 systemd[1]: systemd-machine-id-commit.service - Save Transient machine-id to Disk skipped, unmet condition check ConditionPathIsMountPoint=/etc/machine-id
Oct 05 15:28:09 host01 systemd[1]: systemd-update-done.service - Update is Completed skipped, no trigger condition checks were met.
Oct 05 15:28:09 host01 systemd[1]: Finished systemd-binfmt.service - Set Up Additional Binary Formats.
Oct 05 15:28:09 host01 kernel: audit: type=1400 audit(1791214089.772:2): apparmor="STATUS" operation="profile_load" profile="unconfined" name="1password" pid=515 comm="apparmor_parser"
Oct 05 15:28:09 host01 kernel: audit: type=1400 audit(1791214089.772:3): apparmor="STATUS" operation="profile_load" profile="unconfined" name="Discord" pid=516 comm="apparmor_parser"
Oct 05 15:28:09 host01 kernel: audit: type=1400 audit(1791214089.776:4): apparmor="STATUS" operation="profile_load" profile="unconfined" name="QtWebEngineProcess" pid=518 comm="apparmor_parser"
Oct 05 15:28:09 host01 kernel: audit: type=1400 audit(1791214089.776:5): apparmor="STATUS" operation="profile_load" profile="unconfined" name=4D6F6E676F444220436F6D70617373 pid=517 comm="apparmor_parser"
Oct 05 15:28:09 host01 kernel: audit: type=1400 audit(1791214089.776:6): apparmor="STATUS" operation="profile_load" profile="unconfined" name="balena-etcher" pid=520 comm="apparmor_parser"
Oct 05 15:28:09 host01 kernel: audit: type=1400 audit(1791214089.780:7): apparmor="STATUS" operation="profile_load" profile="unconfined" name="brave" pid=521 comm="apparmor_parser"
Oct 05 15:28:09 host01 kernel: audit: type=1400 audit(1791214089.784:8): apparmor="STATUS" operation="profile_load" profile="unconfined" name="Xorg" pid=519 comm="apparmor_parser"
Oct 05 15:28:09 host01 kernel: audit: type=1400 audit(1791214089.784:9): apparmor="STATUS" operation="profile_load" profile="unconfined" name="buildah" pid=522 comm="apparmor_parser"
Oct 05 15:28:09 host01 kernel: audit: type=1400 audit(1791214089.788:10): apparmor="STATUS" operation="profile_load" profile="unconfined" name="cam" pid=524 comm="apparmor_parser"
Oct 05 15:28:09 host01 systemd[1]: Finished apparmor.service - Load AppArmor profiles.
Oct 05 15:28:10 host01 kernel: ISO 9660 Extensions: Microsoft Joliet Level 3
Oct 05 15:28:10 host01 kernel: ISO 9660 Extensions: RRIP_1991A
Oct 05 15:28:10 host01 sh[489]: Completed socket interaction for boot stage local
Oct 05 15:28:10 host01 systemd[1]: Finished cloud-init-local.service - Cloud-init: Local Stage (pre-network).
Oct 05 15:28:10 host01 systemd[1]: Reached target network-pre.target - Preparation for Network.
Oct 05 15:28:10 host01 systemd[1]: Starting systemd-networkd.service - Network Configuration...
Oct 05 15:28:10 host01 systemd-networkd[624]: lo: Link UP
Oct 05 15:28:10 host01 systemd-networkd[624]: lo: Gained carrier
Oct 05 15:28:10 host01 systemd[1]: Started systemd-networkd.service - Network Configuration.
Oct 05 15:28:10 host01 systemd[1]: Reached target network.target - Network.
Oct 05 15:28:10 host01 systemd-networkd[624]: enp0s4: Configuring with /run/systemd/network/10-netplan-enp0s4.network.
Oct 05 15:28:10 host01 systemd[1]: Starting systemd-networkd-persistent-storage.service - Enable Persistent Storage in systemd-networkd...
Oct 05 15:28:10 host01 systemd[1]: Starting systemd-networkd-wait-online.service - Wait for Network to be Configured...
Oct 05 15:28:10 host01 systemd-networkd[624]: enp0s4: Link UP
Oct 05 15:28:10 host01 systemd-networkd[624]: enp0s4: Gained carrier
Oct 05 15:28:10 host01 systemd-networkd[624]: enp0s4: DHCPv4 address 192.0.2.3/24, gateway 192.0.2.4 acquired from 192.0.2.4
Oct 05 15:28:10 host01 systemd-timesyncd[348]: Network configuration changed, trying to establish connection.
Oct 05 15:28:10 host01 systemd[1]: Finished systemd-networkd-persistent-storage.service - Enable Persistent Storage in systemd-networkd.
Oct 05 15:28:10 host01 systemd[1]: run-cloud\x2dinit-tmp-tmpzbg1hrwv.mount: Deactivated successfully.
Oct 05 15:28:12 host01 systemd-networkd[624]: enp0s4: Gained IPv6LL
Oct 05 15:28:12 host01 systemd-timesyncd[348]: Network configuration changed, trying to establish connection.
Oct 05 15:28:12 host01 systemd[1]: Finished systemd-networkd-wait-online.service - Wait for Network to be Configured.
Oct 05 15:28:12 host01 systemd[1]: Starting cloud-init-network.service - Cloud-init: Network Stage...
Oct 05 15:28:12 host01 cloud-init[493]: Cloud-init v. 25.1.4 running 'init' at Mon, 05 Oct 2026 15:28:12 +0000. Up 6.84 seconds.
Oct 05 15:28:12 host01 cloud-init[493]: ci-info: ++++++++++++++++++++++++++++++++++++Net device info+++++++++++++++++++++++++++++++++++++
Oct 05 15:28:12 host01 cloud-init[493]: ci-info: +--------+------+-------------------------+---------------+--------+-------------------+
Oct 05 15:28:12 host01 cloud-init[493]: ci-info: | Device |  Up  |         Address         |      Mask     | Scope  |     Hw-Address    |
Oct 05 15:28:12 host01 cloud-init[493]: ci-info: +--------+------+-------------------------+---------------+--------+-------------------+
Oct 05 15:28:12 host01 cloud-init[493]: ci-info: | enp0s4 | True |        192.0.2.3        | 255.255.255.0 | global | 00:00:5e:00:53:05 |
Oct 05 15:28:12 host01 cloud-init[493]: ci-info: | enp0s4 | True | 2001:db8::6/64 |       .       |  link  | 00:00:5e:00:53:05 |
Oct 05 15:28:12 host01 cloud-init[493]: ci-info: |   lo   | True |        127.0.0.1        |   255.0.0.0   |  host  |         .         |
Oct 05 15:28:12 host01 cloud-init[493]: ci-info: |   lo   | True |         ::1/128         |       .       |  host  |         .         |
Oct 05 15:28:12 host01 cloud-init[493]: ci-info: +--------+------+-------------------------+---------------+--------+-------------------+
Oct 05 15:28:12 host01 cloud-init[493]: ci-info: ++++++++++++++++++++++++++++Route IPv4 info+++++++++++++++++++++++++++++
Oct 05 15:28:12 host01 cloud-init[493]: ci-info: +-------+-------------+----------+-----------------+-----------+-------+
Oct 05 15:28:12 host01 cloud-init[493]: ci-info: | Route | Destination | Gateway  |     Genmask     | Interface | Flags |
Oct 05 15:28:12 host01 cloud-init[493]: ci-info: +-------+-------------+----------+-----------------+-----------+-------+
Oct 05 15:28:12 host01 cloud-init[493]: ci-info: |   0   |   0.0.0.0   | 192.0.2.4 |     0.0.0.0     |   enp0s4  |   UG  |
Oct 05 15:28:12 host01 cloud-init[493]: ci-info: |   1   |   192.0.2.7  | 0.0.0.0  |  255.255.255.0  |   enp0s4  |   U   |
Oct 05 15:28:12 host01 cloud-init[493]: ci-info: |   2   |   192.0.2.4  | 0.0.0.0  | 255.255.255.255 |   enp0s4  |   UH  |
Oct 05 15:28:12 host01 cloud-init[493]: ci-info: |   3   |   192.0.2.8  | 0.0.0.0  | 255.255.255.255 |   enp0s4  |   UH  |
Oct 05 15:28:12 host01 cloud-init[493]: ci-info: +-------+-------------+----------+-----------------+-----------+-------+
Oct 05 15:28:12 host01 cloud-init[493]: ci-info: +++++++++++++++++++Route IPv6 info+++++++++++++++++++
Oct 05 15:28:12 host01 cloud-init[493]: ci-info: +-------+-------------+---------+-----------+-------+
Oct 05 15:28:12 host01 cloud-init[493]: ci-info: | Route | Destination | Gateway | Interface | Flags |
Oct 05 15:28:12 host01 cloud-init[493]: ci-info: +-------+-------------+---------+-----------+-------+
Oct 05 15:28:12 host01 cloud-init[493]: ci-info: |   0   |  2001:db8::9/64  |    2001:db8::10   |   enp0s4  |   U   |
Oct 05 15:28:12 host01 cloud-init[493]: ci-info: |   2   |    local    |    2001:db8::10   |   enp0s4  |   U   |
Oct 05 15:28:12 host01 cloud-init[493]: ci-info: |   3   |  multicast  |    2001:db8::10   |   enp0s4  |   U   |
Oct 05 15:28:12 host01 cloud-init[493]: ci-info: +-------+-------------+---------+-----------+-------+
Oct 05 15:28:12 host01 sh[638]: Completed socket interaction for boot stage network
Oct 05 15:28:12 host01 systemd[1]: Finished cloud-init-network.service - Cloud-init: Network Stage.
Oct 05 15:28:12 host01 systemd[1]: Reached target cloud-config.target - Cloud-config availability.
Oct 05 15:28:12 host01 systemd[1]: Reached target network-online.target - Network is Online.
Oct 05 15:28:12 host01 systemd[1]: Reached target sysinit.target - System Initialization.
Oct 05 15:28:12 host01 systemd[1]: Started apt-daily.timer - Daily apt download activities.
Oct 05 15:28:12 host01 systemd[1]: Started apt-daily-upgrade.timer - Daily apt upgrade and clean activities.
Oct 05 15:28:12 host01 systemd[1]: Started apt-listchanges.timer - Try hourly to initialize apt-listchanges database for APT.
Oct 05 15:28:12 host01 systemd[1]: Started dpkg-db-backup.timer - Daily dpkg database backup timer.
Oct 05 15:28:12 host01 systemd[1]: Started e2scrub_all.timer - Periodic ext4 Online Metadata Check for All Filesystems.
Oct 05 15:28:12 host01 systemd[1]: Started fstrim.timer - Discard unused filesystem blocks once a week.
Oct 05 15:28:12 host01 systemd[1]: Started man-db.timer - Daily man-db regeneration.
Oct 05 15:28:12 host01 systemd[1]: Started systemd-tmpfiles-clean.timer - Daily Cleanup of Temporary Directories.
Oct 05 15:28:12 host01 systemd[1]: Reached target timers.target - Timer Units.
Oct 05 15:28:12 host01 systemd[1]: Listening on cloud-init-hotplugd.socket - cloud-init hotplug hook socket.
Oct 05 15:28:12 host01 systemd[1]: Listening on dbus.socket - D-Bus System Message Bus Socket.
Oct 05 15:28:12 host01 systemd[1]: Listening on sshd-unix-local.socket - OpenSSH Server Socket (systemd-ssh-generator, AF_UNIX Local).
Oct 05 15:28:12 host01 systemd[1]: Listening on systemd-hostnamed.socket - Hostname Service Socket.
Oct 05 15:28:12 host01 systemd[1]: Listening on uuidd.socket - UUID daemon activation socket.
Oct 05 15:28:12 host01 systemd[1]: Reached target sockets.target - Socket Units.
Oct 05 15:28:12 host01 systemd[1]: systemd-pcrphase-sysinit.service - TPM PCR Barrier (Initialization) skipped, unmet condition check ConditionSecurity=measured-uki
Oct 05 15:28:12 host01 systemd[1]: Reached target basic.target - Basic System.
Oct 05 15:28:12 host01 systemd[1]: System is tainted: unmerged-bin
Oct 05 15:28:12 host01 systemd[1]: Starting cloud-config.service - Cloud-init: Config Stage...
Oct 05 15:28:12 host01 systemd[1]: Starting dbus.service - D-Bus System Message Bus...
Oct 05 15:28:12 host01 systemd[1]: Starting e2scrub_reap.service - Remove Stale Online ext4 Metadata Check Snapshots...
Oct 05 15:28:12 host01 systemd[1]: getty-static.service - getty on tty2-tty6 if dbus and logind are not available skipped, unmet condition check ConditionPathExists=!/usr/bin/dbus-daemon
Oct 05 15:28:12 host01 systemd[1]: Starting grub-common.service - Record successful boot for GRUB...
Oct 05 15:28:12 host01 systemd[1]: sshd-keygen.service - Generate sshd host keys on first boot skipped, unmet condition check ConditionFirstBoot=yes
Oct 05 15:28:12 host01 systemd[1]: Starting ssh.service - OpenBSD Secure Shell server...
Oct 05 15:28:12 host01 cloud-init[493]: Cloud-init v. 25.1.4 running 'modules:config' at Mon, 05 Oct 2026 15:28:12 +0000. Up 7.12 seconds.
Oct 05 15:28:12 host01 systemd[1]: Starting systemd-logind.service - User Login Management...
Oct 05 15:28:12 host01 systemd[1]: systemd-pcrphase.service - TPM PCR Barrier (User) skipped, unmet condition check ConditionSecurity=measured-uki
Oct 05 15:28:12 host01 sh[673]: Completed socket interaction for boot stage config
Oct 05 15:28:12 host01 systemd[1]: Starting systemd-user-sessions.service - Permit User Sessions...
Oct 05 15:28:12 host01 systemd[1]: Started dbus.service - D-Bus System Message Bus.
Oct 05 15:28:12 host01 systemd[1]: Finished cloud-config.service - Cloud-init: Config Stage.
Oct 05 15:28:12 host01 systemd[1]: e2scrub_reap.service: Deactivated successfully.
Oct 05 15:28:12 host01 systemd[1]: Finished e2scrub_reap.service - Remove Stale Online ext4 Metadata Check Snapshots.
Oct 05 15:28:12 host01 systemd[1]: Finished systemd-user-sessions.service - Permit User Sessions.
Oct 05 15:28:12 host01 systemd-logind[682]: Watching system buttons on /dev/input/event1 (Power Button)
Oct 05 15:28:12 host01 systemd-logind[682]: Watching system buttons on /dev/input/event0 (AT Translated Set 2 keyboard)
Oct 05 15:28:12 host01 systemd-logind[682]: New seat seat0.
Oct 05 15:28:12 host01 systemd[1]: Started systemd-logind.service - User Login Management.
Oct 05 15:28:12 host01 dbus-daemon[669]: [system] Successfully activated service 'org.freedesktop.systemd1'
Oct 05 15:28:12 host01 systemd[1]: Started getty@tty1.service - Getty on tty1.
Oct 05 15:28:12 host01 systemd[1]: Started serial-getty@ttyS0.service - Serial Getty on ttyS0.
Oct 05 15:28:12 host01 systemd[1]: Reached target getty.target - Login Prompts.
Oct 05 15:28:12 host01 sshd[695]: Server listening on 0.0.0.0 port 22.
Oct 05 15:28:12 host01 sshd[695]: Server listening on 2001:db8::10 port 22.
Oct 05 15:28:12 host01 systemd[1]: Started unattended-upgrades.service - Unattended Upgrades Shutdown.
Oct 05 15:28:12 host01 systemd[1]: Started ssh.service - OpenBSD Secure Shell server.
Oct 05 15:28:12 host01 systemd[1]: grub-common.service: Deactivated successfully.
Oct 05 15:28:12 host01 systemd[1]: Finished grub-common.service - Record successful boot for GRUB.
Oct 05 15:28:12 host01 systemd[1]: Reached target multi-user.target - Multi-User System.
Oct 05 15:28:12 host01 systemd[1]: Reached target graphical.target - Graphical Interface.
Oct 05 15:28:12 host01 systemd[1]: Starting cloud-final.service - Cloud-init: Final Stage...
Oct 05 15:28:12 host01 cloud-init[493]: Cloud-init v. 25.1.4 running 'modules:final' at Mon, 05 Oct 2026 15:28:12 +0000. Up 7.28 seconds.
Oct 05 15:28:12 host01 cloud-init[493]: Cloud-init v. 25.1.4 finished at Mon, 05 Oct 2026 15:28:12 +0000. Datasource DataSourceNoCloud [seed=/dev/vdc].  Up 7.32 seconds
Oct 05 15:28:12 host01 sh[713]: Completed socket interaction for boot stage final
Oct 05 15:28:12 host01 systemd[1]: Finished cloud-final.service - Cloud-init: Final Stage.
Oct 05 15:28:12 host01 systemd[1]: Reached target cloud-init.target - Cloud-init target.
Oct 05 15:28:12 host01 systemd[1]: Startup finished in 2.546s (kernel) + 4.789s (userspace) = 7.336s.
